Archive member included to satisfy reference by file (symbol)

C:/ST/STM32CubeCLT_1.18.0/GNU-tools-for-STM32/bin/../lib/gcc/arm-none-eabi/13.3.1/../../../../arm-none-eabi/lib/thumb/v7-m/nofp\libc_nano.a(libc_a-exit.o)
                              C:/ST/STM32CubeCLT_1.18.0/GNU-tools-for-STM32/bin/../lib/gcc/arm-none-eabi/13.3.1/../../../../arm-none-eabi/lib/thumb/v7-m/nofp/crt0.o (exit)
C:/ST/STM32CubeCLT_1.18.0/GNU-tools-for-STM32/bin/../lib/gcc/arm-none-eabi/13.3.1/../../../../arm-none-eabi/lib/thumb/v7-m/nofp\libc_nano.a(libc_a-findfp.o)
                              C:/ST/STM32CubeCLT_1.18.0/GNU-tools-for-STM32/bin/../lib/gcc/arm-none-eabi/13.3.1/../../../../arm-none-eabi/lib/thumb/v7-m/nofp\libc_nano.a(libc_a-exit.o) (__stdio_exit_handler)
C:/ST/STM32CubeCLT_1.18.0/GNU-tools-for-STM32/bin/../lib/gcc/arm-none-eabi/13.3.1/../../../../arm-none-eabi/lib/thumb/v7-m/nofp\libc_nano.a(libc_a-fwalk.o)
                              C:/ST/STM32CubeCLT_1.18.0/GNU-tools-for-STM32/bin/../lib/gcc/arm-none-eabi/13.3.1/../../../../arm-none-eabi/lib/thumb/v7-m/nofp\libc_nano.a(libc_a-findfp.o) (_fwalk_sglue)
C:/ST/STM32CubeCLT_1.18.0/GNU-tools-for-STM32/bin/../lib/gcc/arm-none-eabi/13.3.1/../../../../arm-none-eabi/lib/thumb/v7-m/nofp\libc_nano.a(libc_a-printf.o)
                              build/main.o (printf)
C:/ST/STM32CubeCLT_1.18.0/GNU-tools-for-STM32/bin/../lib/gcc/arm-none-eabi/13.3.1/../../../../arm-none-eabi/lib/thumb/v7-m/nofp\libc_nano.a(libc_a-putchar.o)
                              build/main.o (putchar)
C:/ST/STM32CubeCLT_1.18.0/GNU-tools-for-STM32/bin/../lib/gcc/arm-none-eabi/13.3.1/../../../../arm-none-eabi/lib/thumb/v7-m/nofp\libc_nano.a(libc_a-puts.o)
                              build/main.o (puts)
C:/ST/STM32CubeCLT_1.18.0/GNU-tools-for-STM32/bin/../lib/gcc/arm-none-eabi/13.3.1/../../../../arm-none-eabi/lib/thumb/v7-m/nofp\libc_nano.a(libc_a-setbuf.o)
                              build/main.o (setbuf)
C:/ST/STM32CubeCLT_1.18.0/GNU-tools-for-STM32/bin/../lib/gcc/arm-none-eabi/13.3.1/../../../../arm-none-eabi/lib/thumb/v7-m/nofp\libc_nano.a(libc_a-setvbuf.o)
                              C:/ST/STM32CubeCLT_1.18.0/GNU-tools-for-STM32/bin/../lib/gcc/arm-none-eabi/13.3.1/../../../../arm-none-eabi/lib/thumb/v7-m/nofp\libc_nano.a(libc_a-setbuf.o) (setvbuf)
C:/ST/STM32CubeCLT_1.18.0/GNU-tools-for-STM32/bin/../lib/gcc/arm-none-eabi/13.3.1/../../../../arm-none-eabi/lib/thumb/v7-m/nofp\libc_nano.a(libc_a-sprintf.o)
                              build/main.o (sprintf)
C:/ST/STM32CubeCLT_1.18.0/GNU-tools-for-STM32/bin/../lib/gcc/arm-none-eabi/13.3.1/../../../../arm-none-eabi/lib/thumb/v7-m/nofp\libc_nano.a(libc_a-stdio.o)
                              C:/ST/STM32CubeCLT_1.18.0/GNU-tools-for-STM32/bin/../lib/gcc/arm-none-eabi/13.3.1/../../../../arm-none-eabi/lib/thumb/v7-m/nofp\libc_nano.a(libc_a-findfp.o) (__sread)
C:/ST/STM32CubeCLT_1.18.0/GNU-tools-for-STM32/bin/../lib/gcc/arm-none-eabi/13.3.1/../../../../arm-none-eabi/lib/thumb/v7-m/nofp\libc_nano.a(libc_a-wbuf.o)
                              C:/ST/STM32CubeCLT_1.18.0/GNU-tools-for-STM32/bin/../lib/gcc/arm-none-eabi/13.3.1/../../../../arm-none-eabi/lib/thumb/v7-m/nofp\libc_nano.a(libc_a-puts.o) (__swbuf_r)
C:/ST/STM32CubeCLT_1.18.0/GNU-tools-for-STM32/bin/../lib/gcc/arm-none-eabi/13.3.1/../../../../arm-none-eabi/lib/thumb/v7-m/nofp\libc_nano.a(libc_a-wsetup.o)
                              C:/ST/STM32CubeCLT_1.18.0/GNU-tools-for-STM32/bin/../lib/gcc/arm-none-eabi/13.3.1/../../../../arm-none-eabi/lib/thumb/v7-m/nofp\libc_nano.a(libc_a-puts.o) (__swsetup_r)
C:/ST/STM32CubeCLT_1.18.0/GNU-tools-for-STM32/bin/../lib/gcc/arm-none-eabi/13.3.1/../../../../arm-none-eabi/lib/thumb/v7-m/nofp\libc_nano.a(libc_a-memset.o)
                              C:/ST/STM32CubeCLT_1.18.0/GNU-tools-for-STM32/bin/../lib/gcc/arm-none-eabi/13.3.1/../../../../arm-none-eabi/lib/thumb/v7-m/nofp/crt0.o (memset)
C:/ST/STM32CubeCLT_1.18.0/GNU-tools-for-STM32/bin/../lib/gcc/arm-none-eabi/13.3.1/../../../../arm-none-eabi/lib/thumb/v7-m/nofp\libc_nano.a(libc_a-closer.o)
                              C:/ST/STM32CubeCLT_1.18.0/GNU-tools-for-STM32/bin/../lib/gcc/arm-none-eabi/13.3.1/../../../../arm-none-eabi/lib/thumb/v7-m/nofp\libc_nano.a(libc_a-stdio.o) (_close_r)
C:/ST/STM32CubeCLT_1.18.0/GNU-tools-for-STM32/bin/../lib/gcc/arm-none-eabi/13.3.1/../../../../arm-none-eabi/lib/thumb/v7-m/nofp\libc_nano.a(libc_a-reent.o)
                              C:/ST/STM32CubeCLT_1.18.0/GNU-tools-for-STM32/bin/../lib/gcc/arm-none-eabi/13.3.1/../../../../arm-none-eabi/lib/thumb/v7-m/nofp\libc_nano.a(libc_a-closer.o) (errno)
C:/ST/STM32CubeCLT_1.18.0/GNU-tools-for-STM32/bin/../lib/gcc/arm-none-eabi/13.3.1/../../../../arm-none-eabi/lib/thumb/v7-m/nofp\libc_nano.a(libc_a-impure.o)
                              build/main.o (_impure_ptr)
C:/ST/STM32CubeCLT_1.18.0/GNU-tools-for-STM32/bin/../lib/gcc/arm-none-eabi/13.3.1/../../../../arm-none-eabi/lib/thumb/v7-m/nofp\libc_nano.a(libc_a-lseekr.o)
[...]
Memory Configuration

Name             Origin             Length             Attributes
RAM              0x20000000         0x00005000         xrw
FLASH            0x08000000         0x00020000         xr
*default*        0x00000000         0xffffffff

Linker script and memory map

LOAD C:/ST/STM32CubeCLT_1.18.0/GNU-tools-for-STM32/bin/../lib/gcc/arm-none-eabi/13.3.1/thumb/v7-m/nofp/crti.o
LOAD C:/ST/STM32CubeCLT_1.18.0/GNU-tools-for-STM32/bin/../lib/gcc/arm-none-eabi/13.3.1/thumb/v7-m/nofp/crtbegin.o
LOAD C:/ST/STM32CubeCLT_1.18.0/GNU-tools-for-STM32/bin/../lib/gcc/arm-none-eabi/13.3.1/../../../../arm-none-eabi/lib/thumb/v7-m/nofp/crt0.o
LOAD build/liquidcrystal_i2c.o
LOAD build/main.o
LOAD build/stm32f1xx_it.o
LOAD build/stm32f1xx_hal_msp.o
LOAD build/stm32f1xx_hal_gpio_ex.o
LOAD build/stm32f1xx_hal_tim.o
LOAD build/stm32f1xx_hal_tim_ex.o
LOAD build/stm32f1xx_hal_pcd.o
LOAD build/stm32f1xx_hal_pcd_ex.o
LOAD build/stm32f1xx_ll_usb.o
LOAD build/stm32f1xx_hal.o
LOAD build/stm32f1xx_hal_rcc.o
LOAD build/stm32f1xx_hal_rcc_ex.o
LOAD build/stm32f1xx_hal_gpio.o
LOAD build/stm32f1xx_hal_dma.o
LOAD build/stm32f1xx_hal_cortex.o
LOAD build/stm32f1xx_hal_pwr.o
LOAD build/stm32f1xx_hal_flash.o
LOAD build/stm32f1xx_hal_flash_ex.o
LOAD build/stm32f1xx_hal_exti.o
LOAD build/system_stm32f1xx.o
LOAD build/usb_device.o
LOAD build/usbd_desc.o
LOAD build/usbd_cdc_if.o
LOAD build/usbd_conf.o
LOAD build/stm32f1xx_hal_uart.o
LOAD build/usbd_core.o
LOAD build/usbd_ctlreq.o
LOAD build/usbd_ioreq.o
LOAD build/usbd_cdc.o
LOAD build/stm32f1xx_hal_i2c.o
LOAD build/gpio.o
LOAD build/i2c.o
LOAD build/tim.o
LOAD build/usart.o
LOAD build/startup_stm32f103xb.o
LOAD C:/ST/STM32CubeCLT_1.18.0/GNU-tools-for-STM32/bin/../lib/gcc/arm-none-eabi/13.3.1/../../../../arm-none-eabi/lib/thumb/v7-m/nofp\libc_nano.a
LOAD C:/ST/STM32CubeCLT_1.18.0/GNU-tools-for-STM32/bin/../lib/gcc/arm-none-eabi/13.3.1/../../../../arm-none-eabi/lib/thumb/v7-m/nofp\libm.a
LOAD C:/ST/STM32CubeCLT_1.18.0/GNU-tools-for-STM32/bin/../lib/gcc/arm-none-eabi/13.3.1/../../../../arm-none-eabi/lib/thumb/v7-m/nofp\libnosys.a
START GROUP
LOAD C:/ST/STM32CubeCLT_1.18.0/GNU-tools-for-STM32/bin/../lib/gcc/arm-none-eabi/13.3.1/thumb/v7-m/nofp\libgcc.a
LOAD C:/ST/STM32CubeCLT_1.18.0/GNU-tools-for-STM32/bin/../lib/gcc/arm-none-eabi/13.3.1/../../../../arm-none-eabi/lib/thumb/v7-m/nofp\libc_nano.a
END GROUP
START GROUP
LOAD C:/ST/STM32CubeCLT_1.18.0/GNU-tools-for-STM32/bin/../lib/gcc/arm-none-eabi/13.3.1/thumb/v7-m/nofp\libgcc.a
LOAD C:/ST/STM32CubeCLT_1.18.0/GNU-tools-for-STM32/bin/../lib/gcc/arm-none-eabi/13.3.1/../../../../arm-none-eabi/lib/thumb/v7-m/nofp\libc_nano.a
END GROUP
LOAD C:/ST/STM32CubeCLT_1.18.0/GNU-tools-for-STM32/bin/../lib/gcc/arm-none-eabi/13.3.1/thumb/v7-m/nofp/crtend.o
LOAD C:/ST/STM32CubeCLT_1.18.0/GNU-tools-for-STM32/bin/../lib/gcc/arm-none-eabi/13.3.1/thumb/v7-m/nofp/crtn.o
                0x20005000                        _estack = (ORIGIN (RAM) + LENGTH (RAM))
                0x00000200                        _Min_Heap_Size = 0x200
                0x00000400                        _Min_Stack_Size = 0x400

.isr_vector     0x08000000      0x10c
                0x08000000                        . = ALIGN (0x4)
 *(.isr_vector)
 .isr_vector    0x08000000      0x10c build/startup_stm32f103xb.o
                0x08000000                g_pfnVectors
                0x0800010c                        . = ALIGN (0x4)

.text           0x0800010c     0x6ff4
                0x0800010c                        . = ALIGN (0x4)
 *(.text)
 .text          0x0800010c       0x40 C:/ST/STM32CubeCLT_1.18.0/GNU-tools-for-STM32/bin/../lib/gcc/arm-none-eabi/13.3.1/thumb/v7-m/nofp/crtbegin.o
 *(.text*)
 .text.DelayInit
                0x0800014c       0x40 build/liquidcrystal_i2c.o
 .text.DelayUS  0x0800018c       0x34 build/liquidcrystal_i2c.o
 .text.ExpanderWrite
                0x080001c0       0x30 build/liquidcrystal_i2c.o
 .text.PulseEnable
                0x080001f0       0x22 build/liquidcrystal_i2c.o
 .text.Write4Bits
                0x08000212       0x10 build/liquidcrystal_i2c.o
 .text.Send     0x08000222       0x1e build/liquidcrystal_i2c.o
 .text.SendCommand
                0x08000240        0xa build/liquidcrystal_i2c.o
 .text.SendChar
                0x0800024a        0xa build/liquidcrystal_i2c.o
 .text.HD44780_Clear
                0x08000254       0x12 build/liquidcrystal_i2c.o
                0x08000254                HD44780_Clear
 .text.HD44780_Home
                0x08000266       0x12 build/liquidcrystal_i2c.o
                0x08000266                HD44780_Home
 .text.HD44780_SetCursor
                0x08000278       0x44 build/liquidcrystal_i2c.o
                0x08000278                HD44780_SetCursor
 .text.HD44780_Display
                0x080002bc       0x1c build/liquidcrystal_i2c.o
                0x080002bc                HD44780_Display
 .text.HD44780_CreateSpecialChar
                0x080002d8       0x24 build/liquidcrystal_i2c.o
                0x080002d8                HD44780_CreateSpecialChar
 .text.HD44780_Init
                0x080002fc       0xd4 build/liquidcrystal_i2c.o
                0x080002fc                HD44780_Init
 .text.HD44780_PrintStr
                0x080003d0       0x14 build/liquidcrystal_i2c.o
                0x080003d0                HD44780_PrintStr
 .text.HD44780_Backlight
                0x080003e4       0x14 build/liquidcrystal_i2c.o
                0x080003e4                HD44780_Backlight
 .text._write   0x080003f8       0x18 build/main.o
                0x080003f8                _write
 .text.HAL_UART_RxCpltCallback
                0x08000410       0x58 build/main.o
                0x08000410                HAL_UART_RxCpltCallback
 .text.HAL_TIM_PeriodElapsedCallback
                0x08000468       0x8c build/main.o
                0x08000468                HAL_TIM_PeriodElapsedCallback
 .text.show_faulty_pins
                0x080004f4       0x4c build/main.o
                0x080004f4                show_faulty_pins
 .text.run_cable_test
                0x08000540      0x150 build/main.o
                0x08000540                run_cable_test
 .text.Error_Handler
                0x08000690        0x4 build/main.o
                0x08000690                Error_Handler
 .text.SystemClock_Config
                0x08000694       0x82 build/main.o
                0x08000694                SystemClock_Config
 *fill*         0x08000716        0x2 
 .text.main     0x08000718      0x174 build/main.o
                0x08000718                main
 .text.NMI_Handler
                0x0800088c        0x2 build/stm32f1xx_it.o
                0x0800088c                NMI_Handler
 .text.HardFault_Handler
                0x0800088e        0x2 build/stm32f1xx_it.o
                0x0800088e                HardFault_Handler
 .text.MemManage_Handler
                0x08000890        0x2 build/stm32f1xx_it.o
                0x08000890                MemManage_Handler
 .text.BusFault_Handler
                0x08000892        0x2 build/stm32f1xx_it.o
                0x08000892                BusFault_Handler
 .text.UsageFault_Handler
                0x08000894        0x2 build/stm32f1xx_it.o
                0x08000894                UsageFault_Handler
 .text.SVC_Handler
                0x08000896        0x2 build/stm32f1xx_it.o
                0x08000896                SVC_Handler
 .text.DebugMon_Handler
                0x08000898        0x2 build/stm32f1xx_it.o
                0x08000898                DebugMon_Handler
 .text.PendSV_Handler
                0x0800089a        0x2 build/stm32f1xx_it.o
                0x0800089a                PendSV_Handler
 .text.SysTick_Handler
                0x0800089c        0x8 build/stm32f1xx_it.o
                0x0800089c                SysTick_Handler
 .text.USB_LP_CAN1_RX0_IRQHandler
                0x080008a4       0x10 build/stm32f1xx_it.o
                0x080008a4                USB_LP_CAN1_RX0_IRQHandler
 .text.TIM2_IRQHandler
                0x080008b4       0x10 build/stm32f1xx_it.o
                0x080008b4                TIM2_IRQHandler
 .text.USART1_IRQHandler
                0x080008c4       0x10 build/stm32f1xx_it.o
                0x080008c4                USART1_IRQHandler
 .text.HAL_MspInit
                0x080008d4       0x44 build/stm32f1xx_hal_msp.o
                0x080008d4                HAL_MspInit
 .text.TIM_OC1_SetConfig
                0x08000918       0x54 build/stm32f1xx_hal_tim.o
 .text.TIM_OC3_SetConfig
                0x0800096c       0x5c build/stm32f1xx_hal_tim.o
 .text.TIM_OC4_SetConfig
                0x080009c8       0x48 build/stm32f1xx_hal_tim.o
 .text.TIM_TI1_ConfigInputStage
                0x08000a10       0x24 build/stm32f1xx_hal_tim.o
 .text.TIM_TI2_ConfigInputStage
                0x08000a34       0x26 build/stm32f1xx_hal_tim.o
 .text.TIM_ITRx_SetConfig
                0x08000a5a       0x10 build/stm32f1xx_hal_tim.o
 *fill*         0x08000a6a        0x2 
 .text.HAL_TIM_Base_Start_IT
                0x08000a6c       0x68 build/stm32f1xx_hal_tim.o
                0x08000a6c                HAL_TIM_Base_Start_IT
 .text.HAL_TIM_OC_MspInit
                0x08000ad4        0x2 build/stm32f1xx_hal_tim.o
                0x08000ad4                HAL_TIM_OC_MspInit
 .text.HAL_TIM_OC_DelayElapsedCallback
                0x08000ad6        0x2 build/stm32f1xx_hal_tim.o
                0x08000ad6                HAL_TIM_OC_DelayElapsedCallback
 .text.HAL_TIM_IC_CaptureCallback
                0x08000ad8        0x2 build/stm32f1xx_hal_tim.o
                0x08000ad8                HAL_TIM_IC_CaptureCallback
 .text.HAL_TIM_PWM_PulseFinishedCallback
                0x08000ada        0x2 build/stm32f1xx_hal_tim.o
                0x08000ada                HAL_TIM_PWM_PulseFinishedCallback
 .text.HAL_TIM_TriggerCallback
                0x08000adc        0x2 build/stm32f1xx_hal_tim.o
                0x08000adc                HAL_TIM_TriggerCallback
 .text.HAL_TIM_IRQHandler
                0x08000ade      0x15e build/stm32f1xx_hal_tim.o
                0x08000ade                HAL_TIM_IRQHandler
 .text.TIM_Base_SetConfig
                0x08000c3c       0x84 build/stm32f1xx_hal_tim.o
                0x08000c3c                TIM_Base_SetConfig
 .text.HAL_TIM_Base_Init
                0x08000cc0       0x58 build/stm32f1xx_hal_tim.o
                0x08000cc0                HAL_TIM_Base_Init
 .text.HAL_TIM_OC_Init
                0x08000d18       0x58 build/stm32f1xx_hal_tim.o
                0x08000d18                HAL_TIM_OC_Init
 .text.TIM_OC2_SetConfig
                0x08000d70       0x5c build/stm32f1xx_hal_tim.o
                0x08000d70                TIM_OC2_SetConfig
 .text.HAL_TIM_OC_ConfigChannel
                0x08000dcc       0x5e build/stm32f1xx_hal_tim.o
                0x08000dcc                HAL_TIM_OC_ConfigChannel
 .text.TIM_ETR_SetConfig
                0x08000e2a       0x18 build/stm32f1xx_hal_tim.o
                0x08000e2a                TIM_ETR_SetConfig
 .text.HAL_TIM_ConfigClockSource
                0x08000e42       0xfe build/stm32f1xx_hal_tim.o
                0x08000e42                HAL_TIM_ConfigClockSource
 .text.HAL_TIMEx_MasterConfigSynchronization
                0x08000f40       0x6c build/stm32f1xx_hal_tim_ex.o
                0x08000f40                HAL_TIMEx_MasterConfigSynchronization
 .text.HAL_TIMEx_CommutCallback
                0x08000fac        0x2 build/stm32f1xx_hal_tim_ex.o
                0x08000fac                HAL_TIMEx_CommutCallback
 .text.HAL_TIMEx_BreakCallback
                0x08000fae        0x2 build/stm32f1xx_hal_tim_ex.o
                0x08000fae                HAL_TIMEx_BreakCallback
 .text.HAL_PCD_EP_DB_Receive
                0x08000fb0      0x11c build/stm32f1xx_hal_pcd.o
 .text.HAL_PCD_Init
                0x080010cc       0xe8 build/stm32f1xx_hal_pcd.o
                0x080010cc                HAL_PCD_Init
 .text.HAL_PCD_Start
                0x080011b4       0x32 build/stm32f1xx_hal_pcd.o
                0x080011b4                HAL_PCD_Start
 .text.HAL_PCD_EP_DB_Transmit
                0x080011e6      0x424 build/stm32f1xx_hal_pcd.o
 .text.PCD_EP_ISR_Handler
                0x0800160a      0x554 build/stm32f1xx_hal_pcd.o
 .text.HAL_PCD_SetAddress
                0x08001b5e       0x26 build/stm32f1xx_hal_pcd.o
                0x08001b5e                HAL_PCD_SetAddress
 .text.HAL_PCD_IRQHandler
                0x08001b84      0x1b0 build/stm32f1xx_hal_pcd.o
                0x08001b84                HAL_PCD_IRQHandler
 .text.HAL_PCD_EP_Open
                0x08001d34       0x84 build/stm32f1xx_hal_pcd.o
                0x08001d34                HAL_PCD_EP_Open
 .text.HAL_PCD_EP_Close
                0x08001db8       0x6c build/stm32f1xx_hal_pcd.o
                0x08001db8                HAL_PCD_EP_Close
 .text.HAL_PCD_EP_Receive
                0x08001e24       0x3a build/stm32f1xx_hal_pcd.o
                0x08001e24                HAL_PCD_EP_Receive
 .text.HAL_PCD_EP_GetRxCount
                0x08001e5e       0x12 build/stm32f1xx_hal_pcd.o
                0x08001e5e                HAL_PCD_EP_GetRxCount
 .text.HAL_PCD_EP_Transmit
                0x08001e70       0x4c build/stm32f1xx_hal_pcd.o
                0x08001e70                HAL_PCD_EP_Transmit
 .text.HAL_PCD_EP_SetStall
                0x08001ebc       0x80 build/stm32f1xx_hal_pcd.o
                0x08001ebc                HAL_PCD_EP_SetStall
 .text.HAL_PCD_EP_ClrStall
                0x08001f3c       0x7e build/stm32f1xx_hal_pcd.o
                0x08001f3c                HAL_PCD_EP_ClrStall
 .text.HAL_PCDEx_PMAConfig
                0x08001fba       0x38 build/stm32f1xx_hal_pcd_ex.o
                0x08001fba                HAL_PCDEx_PMAConfig
 .text.USB_CoreInit
                0x08001ff2        0xe build/stm32f1xx_ll_usb.o
                0x08001ff2                USB_CoreInit
 .text.USB_EnableGlobalInt
                0x08002000       0x12 build/stm32f1xx_ll_usb.o
                0x08002000                USB_EnableGlobalInt
 .text.USB_DisableGlobalInt
                0x08002012       0x14 build/stm32f1xx_ll_usb.o
                0x08002012                USB_DisableGlobalInt
 .text.USB_SetCurrentMode
                0x08002026        0x4 build/stm32f1xx_ll_usb.o
                0x08002026                USB_SetCurrentMode
 .text.USB_DevInit
                0x0800202a       0x22 build/stm32f1xx_ll_usb.o
                0x0800202a                USB_DevInit
 .text.USB_ActivateEndpoint
                0x0800204c      0x3ca build/stm32f1xx_ll_usb.o
                0x0800204c                USB_ActivateEndpoint
 .text.USB_DeactivateEndpoint
                0x08002416      0x1d6 build/stm32f1xx_ll_usb.o
                0x08002416                USB_DeactivateEndpoint
 .text.USB_EPSetStall
                0x080025ec       0x4a build/stm32f1xx_ll_usb.o
                0x080025ec                USB_EPSetStall
 .text.USB_EPClearStall
                0x08002636       0xa2 build/stm32f1xx_ll_usb.o
                0x08002636                USB_EPClearStall
 .text.USB_SetDevAddress
                0x080026d8        0xc build/stm32f1xx_ll_usb.o
                0x080026d8                USB_SetDevAddress
 .text.USB_DevConnect
                0x080026e4        0x4 build/stm32f1xx_ll_usb.o
                0x080026e4                USB_DevConnect
 .text.USB_DevDisconnect
                0x080026e8        0x4 build/stm32f1xx_ll_usb.o
                0x080026e8                USB_DevDisconnect
 .text.USB_ReadInterrupts
                0x080026ec        0x8 build/stm32f1xx_ll_usb.o
                0x080026ec                USB_ReadInterrupts
 .text.USB_EP0_OutStart
                0x080026f4        0x4 build/stm32f1xx_ll_usb.o
                0x080026f4                USB_EP0_OutStart
 .text.USB_WritePMA
                0x080026f8       0x26 build/stm32f1xx_ll_usb.o
                0x080026f8                USB_WritePMA
 .text.USB_EPStartXfer
                0x0800271e      0x7ce build/stm32f1xx_ll_usb.o
                0x0800271e                USB_EPStartXfer
 .text.USB_ReadPMA
                0x08002eec       0x30 build/stm32f1xx_ll_usb.o
                0x08002eec                USB_ReadPMA
 .text.HAL_InitTick
                0x08002f1c       0x4c build/stm32f1xx_hal.o
                0x08002f1c                HAL_InitTick
 .text.HAL_Init
                0x08002f68       0x24 build/stm32f1xx_hal.o
                0x08002f68                HAL_Init
 .text.HAL_IncTick
                0x08002f8c       0x18 build/stm32f1xx_hal.o
                0x08002f8c                HAL_IncTick
 .text.HAL_GetTick
                0x08002fa4        0xc build/stm32f1xx_hal.o
                0x08002fa4                HAL_GetTick
 .text.HAL_Delay
                0x08002fb0       0x28 build/stm32f1xx_hal.o
                0x08002fb0                HAL_Delay
 .text.RCC_Delay
                0x08002fd8       0x2c build/stm32f1xx_hal_rcc.o
 .text.HAL_RCC_OscConfig
                0x08003004      0x410 build/stm32f1xx_hal_rcc.o
                0x08003004                HAL_RCC_OscConfig
 .text.HAL_RCC_GetSysClockFreq
                0x08003414       0x54 build/stm32f1xx_hal_rcc.o
                0x08003414                HAL_RCC_GetSysClockFreq
 .text.HAL_RCC_ClockConfig
                0x08003468      0x16c build/stm32f1xx_hal_rcc.o
                0x08003468                HAL_RCC_ClockConfig
 .text.HAL_RCC_GetHCLKFreq
                0x080035d4        0xc build/stm32f1xx_hal_rcc.o
                0x080035d4                HAL_RCC_GetHCLKFreq
 .text.HAL_RCC_GetPCLK1Freq
                0x080035e0       0x20 build/stm32f1xx_hal_rcc.o
                0x080035e0                HAL_RCC_GetPCLK1Freq
 .text.HAL_RCC_GetPCLK2Freq
                0x08003600       0x20 build/stm32f1xx_hal_rcc.o
                0x08003600                HAL_RCC_GetPCLK2Freq
 .text.HAL_RCCEx_PeriphCLKConfig
                0x08003620      0x118 build/stm32f1xx_hal_rcc_ex.o
                0x08003620                HAL_RCCEx_PeriphCLKConfig
 .text.HAL_GPIO_Init
                0x08003738      0x21c build/stm32f1xx_hal_gpio.o
                0x08003738                HAL_GPIO_Init
 .text.HAL_GPIO_ReadPin
                0x08003954        0xe build/stm32f1xx_hal_gpio.o
                0x08003954                HAL_GPIO_ReadPin
 .text.HAL_GPIO_WritePin
                0x08003962        0xc build/stm32f1xx_hal_gpio.o
                0x08003962                HAL_GPIO_WritePin
 .text.HAL_DMA_Abort
                0x0800396e       0x46 build/stm32f1xx_hal_dma.o
                0x0800396e                HAL_DMA_Abort
 .text.HAL_DMA_Abort_IT
                0x080039b4       0x98 build/stm32f1xx_hal_dma.o
                0x080039b4                HAL_DMA_Abort_IT
 .text.__NVIC_SetPriority
                0x08003a4c       0x28 build/stm32f1xx_hal_cortex.o
 .text.NVIC_EncodePriority
                0x08003a74       0x3e build/stm32f1xx_hal_cortex.o
 *fill*         0x08003ab2        0x2 
 .text.HAL_NVIC_SetPriorityGrouping
                0x08003ab4       0x24 build/stm32f1xx_hal_cortex.o
                0x08003ab4                HAL_NVIC_SetPriorityGrouping
 .text.HAL_NVIC_SetPriority
                0x08003ad8       0x20 build/stm32f1xx_hal_cortex.o
                0x08003ad8                HAL_NVIC_SetPriority
 .text.HAL_NVIC_EnableIRQ
                0x08003af8       0x1c build/stm32f1xx_hal_cortex.o
                0x08003af8                HAL_NVIC_EnableIRQ
 .text.HAL_SYSTICK_Config
                0x08003b14       0x28 build/stm32f1xx_hal_cortex.o
                0x08003b14                HAL_SYSTICK_Config
 .text.SystemInit
                0x08003b3c        0x2 build/system_stm32f1xx.o
                0x08003b3c                SystemInit
 *fill*         0x08003b3e        0x2 
 .text.MX_USB_DEVICE_Init
                0x08003b40       0x54 build/usb_device.o
                0x08003b40                MX_USB_DEVICE_Init
 .text.USBD_FS_DeviceDescriptor
                0x08003b94        0xc build/usbd_desc.o
                0x08003b94                USBD_FS_DeviceDescriptor
 .text.USBD_FS_LangIDStrDescriptor
                0x08003ba0        0xc build/usbd_desc.o
                0x08003ba0                USBD_FS_LangIDStrDescriptor
 .text.IntToUnicode
                0x08003bac       0x46 build/usbd_desc.o
 *fill*         0x08003bf2        0x2 
 .text.Get_SerialNum
                0x08003bf4       0x38 build/usbd_desc.o
 .text.USBD_FS_SerialStrDescriptor
                0x08003c2c       0x14 build/usbd_desc.o
                0x08003c2c                USBD_FS_SerialStrDescriptor
 .text.USBD_FS_ProductStrDescriptor
                0x08003c40       0x24 build/usbd_desc.o
                0x08003c40                USBD_FS_ProductStrDescriptor
 .text.USBD_FS_ManufacturerStrDescriptor
                0x08003c64       0x1c build/usbd_desc.o
                0x08003c64                USBD_FS_ManufacturerStrDescriptor
 .text.USBD_FS_ConfigStrDescriptor
                0x08003c80       0x24 build/usbd_desc.o
                0x08003c80                USBD_FS_ConfigStrDescriptor
 .text.USBD_FS_InterfaceStrDescriptor
                0x08003ca4       0x24 build/usbd_desc.o
                0x08003ca4                USBD_FS_InterfaceStrDescriptor
 .text.CDC_DeInit_FS
                0x08003cc8        0x4 build/usbd_cdc_if.o
 .text.CDC_Control_FS
                0x08003ccc        0x4 build/usbd_cdc_if.o
 .text.CDC_Receive_FS
                0x08003cd0       0x1c build/usbd_cdc_if.o
 .text.CDC_Init_FS
                0x08003cec       0x28 build/usbd_cdc_if.o
 .text.USBD_Get_USB_Status
                0x08003d14       0x14 build/usbd_conf.o
 .text.HAL_PCD_MspInit
                0x08003d28       0x40 build/usbd_conf.o
                0x08003d28                HAL_PCD_MspInit
 .text.HAL_PCD_SetupStageCallback
                0x08003d68       0x10 build/usbd_conf.o
                0x08003d68                HAL_PCD_SetupStageCallback
 .text.HAL_PCD_DataOutStageCallback
                0x08003d78       0x18 build/usbd_conf.o
                0x08003d78                HAL_PCD_DataOutStageCallback
 .text.HAL_PCD_DataInStageCallback
                0x08003d90       0x16 build/usbd_conf.o
                0x08003d90                HAL_PCD_DataInStageCallback
 .text.HAL_PCD_SOFCallback
                0x08003da6        0xc build/usbd_conf.o
                0x08003da6                HAL_PCD_SOFCallback
 .text.HAL_PCD_ResetCallback
                0x08003db2       0x24 build/usbd_conf.o
                0x08003db2                HAL_PCD_ResetCallback
 *fill*         0x08003dd6        0x2 
 .text.HAL_PCD_SuspendCallback
                0x08003dd8       0x20 build/usbd_conf.o
                0x08003dd8                HAL_PCD_SuspendCallback
 .text.HAL_PCD_ResumeCallback
                0x08003df8        0xc build/usbd_conf.o
                0x08003df8                HAL_PCD_ResumeCallback
 .text.USBD_LL_Init
                0x08003e04       0x84 build/usbd_conf.o
                0x08003e04                USBD_LL_Init
 .text.USBD_LL_Start
                0x08003e88       0x10 build/usbd_conf.o
                0x08003e88                USBD_LL_Start
 .text.USBD_LL_OpenEP
                0x08003e98       0x16 build/usbd_conf.o
                0x08003e98                USBD_LL_OpenEP
 .text.USBD_LL_CloseEP
                0x08003eae       0x10 build/usbd_conf.o
                0x08003eae                USBD_LL_CloseEP
 .text.USBD_LL_StallEP
                0x08003ebe       0x10 build/usbd_conf.o
                0x08003ebe                USBD_LL_StallEP
 .text.USBD_LL_ClearStallEP
                0x08003ece       0x10 build/usbd_conf.o
                0x08003ece                USBD_LL_ClearStallEP
 .text.USBD_LL_IsStallEP
                0x08003ede       0x2c build/usbd_conf.o
                0x08003ede                USBD_LL_IsStallEP
 .text.USBD_LL_SetUSBAddress
                0x08003f0a       0x10 build/usbd_conf.o
                0x08003f0a                USBD_LL_SetUSBAddress
 .text.USBD_LL_Transmit
                0x08003f1a       0x10 build/usbd_conf.o
                0x08003f1a                USBD_LL_Transmit
 .text.USBD_LL_PrepareReceive
                0x08003f2a       0x10 build/usbd_conf.o
                0x08003f2a                USBD_LL_PrepareReceive
 .text.USBD_LL_GetRxDataSize
                0x08003f3a        0xc build/usbd_conf.o
                0x08003f3a                USBD_LL_GetRxDataSize
 *fill*         0x08003f46        0x2 
 .text.USBD_static_malloc
                0x08003f48        0x8 build/usbd_conf.o
                0x08003f48                USBD_static_malloc
 .text.USBD_static_free
                0x08003f50        0x2 build/usbd_conf.o
                0x08003f50                USBD_static_free
 .text.HAL_PCDEx_SetConnectionState
                0x08003f52        0x2 build/usbd_conf.o
                0x08003f52                HAL_PCDEx_SetConnectionState
 .text.UART_EndRxTransfer
                0x08003f54       0x5c build/stm32f1xx_hal_uart.o
 .text.UART_Transmit_IT
                0x08003fb0       0x60 build/stm32f1xx_hal_uart.o
 .text.UART_SetConfig
                0x08004010       0x94 build/stm32f1xx_hal_uart.o
 .text.UART_WaitOnFlagUntilTimeout
                0x080040a4       0x86 build/stm32f1xx_hal_uart.o
 .text.HAL_UART_Init
                0x0800412a       0x60 build/stm32f1xx_hal_uart.o
                0x0800412a                HAL_UART_Init
 .text.HAL_UART_Transmit
                0x0800418a       0xcc build/stm32f1xx_hal_uart.o
                0x0800418a                HAL_UART_Transmit
 .text.HAL_UART_TxCpltCallback
                0x08004256        0x2 build/stm32f1xx_hal_uart.o
                0x08004256                HAL_UART_TxCpltCallback
 .text.UART_EndTransmit_IT
                0x08004258       0x1a build/stm32f1xx_hal_uart.o
 .text.HAL_UART_ErrorCallback
                0x08004272        0x2 build/stm32f1xx_hal_uart.o
                0x08004272                HAL_UART_ErrorCallback
 .text.UART_DMAAbortOnError
                0x08004274       0x10 build/stm32f1xx_hal_uart.o
 .text.HAL_UARTEx_RxEventCallback
                0x08004284        0x2 build/stm32f1xx_hal_uart.o
                0x08004284                HAL_UARTEx_RxEventCallback
 .text.UART_Receive_IT
                0x08004286       0xe6 build/stm32f1xx_hal_uart.o
 .text.HAL_UART_IRQHandler
                0x0800436c      0x284 build/stm32f1xx_hal_uart.o
                0x0800436c                HAL_UART_IRQHandler
 .text.UART_Start_Receive_IT
                0x080045f0       0x36 build/stm32f1xx_hal_uart.o
                0x080045f0                UART_Start_Receive_IT
 .text.HAL_UART_Receive_IT
                0x08004626       0x26 build/stm32f1xx_hal_uart.o
                0x08004626                HAL_UART_Receive_IT
 .text.USBD_Init
                0x0800464c       0x2e build/usbd_core.o
                0x0800464c                USBD_Init
 .text.USBD_RegisterClass
                0x0800467a        0xe build/usbd_core.o
                0x0800467a                USBD_RegisterClass
 .text.USBD_Start
                0x08004688        0xa build/usbd_core.o
                0x08004688                USBD_Start
 .text.USBD_SetClassConfig
                0x08004692       0x18 build/usbd_core.o
                0x08004692                USBD_SetClassConfig
 .text.USBD_ClrClassConfig
                0x080046aa        0xe build/usbd_core.o
                0x080046aa                USBD_ClrClassConfig
 .text.USBD_LL_SetupStage
                0x080046b8       0x5a build/usbd_core.o
                0x080046b8                USBD_LL_SetupStage
 .text.USBD_LL_DataOutStage
                0x08004712       0x8c build/usbd_core.o
                0x08004712                USBD_LL_DataOutStage
 .text.USBD_LL_DataInStage
                0x0800479e       0xd0 build/usbd_core.o
                0x0800479e                USBD_LL_DataInStage
 .text.USBD_LL_Reset
                0x0800486e       0x50 build/usbd_core.o
                0x0800486e                USBD_LL_Reset
 .text.USBD_LL_SetSpeed
                0x080048be        0x6 build/usbd_core.o
                0x080048be                USBD_LL_SetSpeed
 .text.USBD_LL_Suspend
                0x080048c4       0x12 build/usbd_core.o
                0x080048c4                USBD_LL_Suspend
 .text.USBD_LL_Resume
                0x080048d6       0x16 build/usbd_core.o
                0x080048d6                USBD_LL_Resume
 .text.USBD_LL_SOF
                0x080048ec       0x1c build/usbd_core.o
                0x080048ec                USBD_LL_SOF
 .text.USBD_GetLen
                0x08004908       0x14 build/usbd_ctlreq.o
 .text.USBD_SetFeature
                0x0800491c       0x14 build/usbd_ctlreq.o
 .text.USBD_ParseSetupRequest
                0x08004930       0x28 build/usbd_ctlreq.o
                0x08004930                USBD_ParseSetupRequest
 .text.USBD_CtlError
                0x08004958       0x14 build/usbd_ctlreq.o
                0x08004958                USBD_CtlError
 .text.USBD_GetDescriptor
                0x0800496c      0x186 build/usbd_ctlreq.o
 .text.USBD_SetAddress
                0x08004af2       0x4e build/usbd_ctlreq.o
 .text.USBD_SetConfig
                0x08004b40       0xb0 build/usbd_ctlreq.o
 .text.USBD_GetConfig
                0x08004bf0       0x3e build/usbd_ctlreq.o
 .text.USBD_GetStatus
                0x08004c2e       0x38 build/usbd_ctlreq.o
 .text.USBD_ClrFeature
                0x08004c66       0x26 build/usbd_ctlreq.o
 .text.USBD_StdDevReq
                0x08004c8c       0x68 build/usbd_ctlreq.o
                0x08004c8c                USBD_StdDevReq
 .text.USBD_StdItfReq
                0x08004cf4       0x60 build/usbd_ctlreq.o
                0x08004cf4                USBD_StdItfReq
 .text.USBD_StdEPReq
                0x08004d54      0x1e2 build/usbd_ctlreq.o
                0x08004d54                USBD_StdEPReq
 .text.USBD_GetString
                0x08004f36       0x3a build/usbd_ctlreq.o
                0x08004f36                USBD_GetString
 .text.USBD_CtlSendData
                0x08004f70       0x1a build/usbd_ioreq.o
                0x08004f70                USBD_CtlSendData
 .text.USBD_CtlContinueSendData
                0x08004f8a       0x10 build/usbd_ioreq.o
                0x08004f8a                USBD_CtlContinueSendData
 .text.USBD_CtlPrepareRx
                0x08004f9a       0x1e build/usbd_ioreq.o
                0x08004f9a                USBD_CtlPrepareRx
 .text.USBD_CtlContinueRx
                0x08004fb8       0x10 build/usbd_ioreq.o
                0x08004fb8                USBD_CtlContinueRx
 .text.USBD_CtlSendStatus
                0x08004fc8       0x16 build/usbd_ioreq.o
                0x08004fc8                USBD_CtlSendStatus
 .text.USBD_CtlReceiveStatus
                0x08004fde       0x16 build/usbd_ioreq.o
                0x08004fde                USBD_CtlReceiveStatus
 .text.USBD_CDC_EP0_RxReady
                0x08004ff4       0x28 build/usbd_cdc.o
 .text.USBD_CDC_GetFSCfgDesc
                0x0800501c        0xc build/usbd_cdc.o
 .text.USBD_CDC_GetHSCfgDesc
                0x08005028        0xc build/usbd_cdc.o
 .text.USBD_CDC_GetOtherSpeedCfgDesc
                0x08005034        0xc build/usbd_cdc.o
 .text.USBD_CDC_GetDeviceQualifierDescriptor
                0x08005040        0xc build/usbd_cdc.o
                0x08005040                USBD_CDC_GetDeviceQualifierDescriptor
 .text.USBD_CDC_DataOut
                0x0800504c       0x2e build/usbd_cdc.o
 .text.USBD_CDC_DataIn
                0x0800507a       0x4e build/usbd_cdc.o
 .text.USBD_CDC_Setup
                0x080050c8       0xd6 build/usbd_cdc.o
 .text.USBD_CDC_DeInit
                0x0800519e       0x42 build/usbd_cdc.o
 .text.USBD_CDC_Init
                0x080051e0       0xaa build/usbd_cdc.o
 .text.USBD_CDC_RegisterInterface
                0x0800528a        0xe build/usbd_cdc.o
                0x0800528a                USBD_CDC_RegisterInterface
 .text.USBD_CDC_SetTxBuffer
                0x08005298       0x10 build/usbd_cdc.o
                0x08005298                USBD_CDC_SetTxBuffer
 .text.USBD_CDC_SetRxBuffer
                0x080052a8        0xc build/usbd_cdc.o
                0x080052a8                USBD_CDC_SetRxBuffer
 .text.USBD_CDC_ReceivePacket
                0x080052b4       0x30 build/usbd_cdc.o
                0x080052b4                USBD_CDC_ReceivePacket
 .text.I2C_IsAcknowledgeFailed
                0x080052e4       0x32 build/stm32f1xx_hal_i2c.o
 .text.I2C_WaitOnFlagUntilTimeout
                0x08005316       0xaa build/stm32f1xx_hal_i2c.o
 .text.I2C_WaitOnMasterAddressFlagUntilTimeout
                0x080053c0       0xd6 build/stm32f1xx_hal_i2c.o
 *fill*         0x08005496        0x2 
 .text.I2C_MasterRequestWrite
                0x08005498       0xb4 build/stm32f1xx_hal_i2c.o
 .text.I2C_WaitOnTXEFlagUntilTimeout
                0x0800554c       0x5e build/stm32f1xx_hal_i2c.o
 .text.I2C_WaitOnBTFFlagUntilTimeout
                0x080055aa       0x5e build/stm32f1xx_hal_i2c.o
 .text.HAL_I2C_Init
                0x08005608      0x1bc build/stm32f1xx_hal_i2c.o
                0x08005608                HAL_I2C_Init
 .text.HAL_I2C_Master_Transmit
                0x080057c4      0x178 build/stm32f1xx_hal_i2c.o
                0x080057c4                HAL_I2C_Master_Transmit
 .text.MX_GPIO_Init
                0x0800593c       0xcc build/gpio.o
                0x0800593c                MX_GPIO_Init
 .text.MX_I2C1_Init
                0x08005a08       0x3c build/i2c.o
                0x08005a08                MX_I2C1_Init
 .text.HAL_I2C_MspInit
                0x08005a44       0x64 build/i2c.o
                0x08005a44                HAL_I2C_MspInit
 .text.HAL_TIM_Base_MspInit
                0x08005aa8       0x3a build/tim.o
                0x08005aa8                HAL_TIM_Base_MspInit
 *fill*         0x08005ae2        0x2 
 .text.HAL_TIM_MspPostInit
                0x08005ae4       0x4c build/tim.o
                0x08005ae4                HAL_TIM_MspPostInit
 .text.MX_TIM2_Init
                0x08005b30       0xa8 build/tim.o
                0x08005b30                MX_TIM2_Init
 .text.MX_USART1_UART_Init
                0x08005bd8       0x34 build/usart.o
                0x08005bd8                MX_USART1_UART_Init
 .text.HAL_UART_MspInit
                0x08005c0c       0x88 build/usart.o
                0x08005c0c                HAL_UART_MspInit
 .text.Reset_Handler
                0x08005c94       0x48 build/startup_stm32f103xb.o
                0x08005c94                Reset_Handler
 .text.Default_Handler
                0x08005cdc        0x2 build/startup_stm32f103xb.o
                0x08005cdc                RTC_Alarm_IRQHandler
                0x08005cdc                EXTI2_IRQHandler
                0x08005cdc                TIM1_CC_IRQHandler
                0x08005cdc                PVD_IRQHandler
                0x08005cdc                EXTI3_IRQHandler
                0x08005cdc                EXTI0_IRQHandler
                0x08005cdc                I2C2_EV_IRQHandler
                0x08005cdc                ADC1_2_IRQHandler
                0x08005cdc                SPI1_IRQHandler
                0x08005cdc                TAMPER_IRQHandler
                0x08005cdc                DMA1_Channel4_IRQHandler
                0x08005cdc                USART3_IRQHandler
                0x08005cdc                RTC_IRQHandler
                0x08005cdc                DMA1_Channel7_IRQHandler
                0x08005cdc                CAN1_RX1_IRQHandler
                0x08005cdc                TIM4_IRQHandler
                0x08005cdc                I2C1_EV_IRQHandler
                0x08005cdc                DMA1_Channel6_IRQHandler
                0x08005cdc                TIM3_IRQHandler
                0x08005cdc                RCC_IRQHandler
                0x08005cdc                TIM1_TRG_COM_IRQHandler
                0x08005cdc                DMA1_Channel1_IRQHandler
                0x08005cdc                Default_Handler
                0x08005cdc                EXTI15_10_IRQHandler
                0x08005cdc                EXTI9_5_IRQHandler
                0x08005cdc                SPI2_IRQHandler
                0x08005cdc                DMA1_Channel5_IRQHandler
                0x08005cdc                EXTI4_IRQHandler
                0x08005cdc                USB_HP_CAN1_TX_IRQHandler
                0x08005cdc                DMA1_Channel3_IRQHandler
                0x08005cdc                TIM1_UP_IRQHandler
                0x08005cdc                WWDG_IRQHandler
                0x08005cdc                TIM1_BRK_IRQHandler
                0x08005cdc                EXTI1_IRQHandler
                0x08005cdc                USART2_IRQHandler
                0x08005cdc                I2C2_ER_IRQHandler
                0x08005cdc                DMA1_Channel2_IRQHandler
                0x08005cdc                CAN1_SCE_IRQHandler
                0x08005cdc                FLASH_IRQHandler
                0x08005cdc                I2C1_ER_IRQHandler
                0x08005cdc                USBWakeUp_IRQHandler
 *fill*         0x08005cde        0x2 
 .text.std      0x08005ce0       0x6c C:/ST/STM32CubeCLT_1.18.0/GNU-tools-for-STM32/bin/../lib/gcc/arm-none-eabi/13.3.1/../../../../arm-none-eabi/lib/thumb/v7-m/nofp\libc_nano.a(libc_a-findfp.o)
 .text.stdio_exit_handler
                0x08005d4c       0x18 C:/ST/STM32CubeCLT_1.18.0/GNU-tools-for-STM32/bin/../lib/gcc/arm-none-eabi/13.3.1/../../../../arm-none-eabi/lib/thumb/v7-m/nofp\libc_nano.a(libc_a-findfp.o)
 .text.cleanup_stdio
                0x08005d64       0x40 C:/ST/STM32CubeCLT_1.18.0/GNU-tools-for-STM32/bin/../lib/gcc/arm-none-eabi/13.3.1/../../../../arm-none-eabi/lib/thumb/v7-m/nofp\libc_nano.a(libc_a-findfp.o)
 .text.global_stdio_init.part.0
                0x08005da4       0x3c C:/ST/STM32CubeCLT_1.18.0/GNU-tools-for-STM32/bin/../lib/gcc/arm-none-eabi/13.3.1/../../../../arm-none-eabi/lib/thumb/v7-m/nofp\libc_nano.a(libc_a-findfp.o)
 .text.__sfp_lock_acquire
                0x08005de0        0xc C:/ST/STM32CubeCLT_1.18.0/GNU-tools-for-STM32/bin/../lib/gcc/arm-none-eabi/13.3.1/../../../../arm-none-eabi/lib/thumb/v7-m/nofp\libc_nano.a(libc_a-findfp.o)
                0x08005de0                __sfp_lock_acquire
 .text.__sfp_lock_release
                0x08005dec        0xc C:/ST/STM32CubeCLT_1.18.0/GNU-tools-for-STM32/bin/../lib/gcc/arm-none-eabi/13.3.1/../../../../arm-none-eabi/lib/thumb/v7-m/nofp\libc_nano.a(libc_a-findfp.o)
                0x08005dec                __sfp_lock_release
 .text.__sinit  0x08005df8       0x30 C:/ST/STM32CubeCLT_1.18.0/GNU-tools-for-STM32/bin/../lib/gcc/arm-none-eabi/13.3.1/../../../../arm-none-eabi/lib/thumb/v7-m/nofp\libc_nano.a(libc_a-findfp.o)
                0x08005df8                __sinit
 .text._fwalk_sglue
                0x08005e28       0x3c C:/ST/STM32CubeCLT_1.18.0/GNU-tools-for-STM32/bin/../lib/gcc/arm-none-eabi/13.3.1/../../../../arm-none-eabi/lib/thumb/v7-m/nofp\libc_nano.a(libc_a-fwalk.o)
                0x08005e28                _fwalk_sglue
 .text.printf   0x08005e64       0x24 C:/ST/STM32CubeCLT_1.18.0/GNU-tools-for-STM32/bin/../lib/gcc/arm-none-eabi/13.3.1/../../../../arm-none-eabi/lib/thumb/v7-m/nofp\libc_nano.a(libc_a-printf.o)
                0x08005e64                iprintf
                0x08005e64                printf
 .text.setbuf   0x08005e88       0x10 C:/ST/STM32CubeCLT_1.18.0/GNU-tools-for-STM32/bin/../lib/gcc/arm-none-eabi/13.3.1/../../../../arm-none-eabi/lib/thumb/v7-m/nofp\libc_nano.a(libc_a-setbuf.o)
                0x08005e88                setbuf
 .text.setvbuf  0x08005e98      0x168 C:/ST/STM32CubeCLT_1.18.0/GNU-tools-for-STM32/bin/../lib/gcc/arm-none-eabi/13.3.1/../../../../arm-none-eabi/lib/thumb/v7-m/nofp\libc_nano.a(libc_a-setvbuf.o)
                0x08005e98                setvbuf
 .text.sprintf  0x08006000       0x44 C:/ST/STM32CubeCLT_1.18.0/GNU-tools-for-STM32/bin/../lib/gcc/arm-none-eabi/13.3.1/../../../../arm-none-eabi/lib/thumb/v7-m/nofp\libc_nano.a(libc_a-sprintf.o)
                0x08006000                siprintf
                0x08006000                sprintf
 .text.__sread  0x08006044       0x22 C:/ST/STM32CubeCLT_1.18.0/GNU-tools-for-STM32/bin/../lib/gcc/arm-none-eabi/13.3.1/../../../../arm-none-eabi/lib/thumb/v7-m/nofp\libc_nano.a(libc_a-stdio.o)
                0x08006044                __sread
 .text.__swrite
                0x08006066       0x38 C:/ST/STM32CubeCLT_1.18.0/GNU-tools-for-STM32/bin/../lib/gcc/arm-none-eabi/13.3.1/../../../../arm-none-eabi/lib/thumb/v7-m/nofp\libc_nano.a(libc_a-stdio.o)
                0x08006066                __swrite
 .text.__sseek  0x0800609e       0x24 C:/ST/STM32CubeCLT_1.18.0/GNU-tools-for-STM32/bin/../lib/gcc/arm-none-eabi/13.3.1/../../../../arm-none-eabi/lib/thumb/v7-m/nofp\libc_nano.a(libc_a-stdio.o)
                0x0800609e                __sseek
 .text.__sclose
                0x080060c2        0x8 C:/ST/STM32CubeCLT_1.18.0/GNU-tools-for-STM32/bin/../lib/gcc/arm-none-eabi/13.3.1/../../../../arm-none-eabi/lib/thumb/v7-m/nofp\libc_nano.a(libc_a-stdio.o)
                0x080060c2                __sclose
 .text.__swbuf_r
                0x080060ca       0x7c C:/ST/STM32CubeCLT_1.18.0/GNU-tools-for-STM32/bin/../lib/gcc/arm-none-eabi/13.3.1/../../../../arm-none-eabi/lib/thumb/v7-m/nofp\libc_nano.a(libc_a-wbuf.o)
                0x080060ca                __swbuf_r
 *fill*         0x08006146        0x2 
 .text.__swsetup_r
                0x08006148       0xac C:/ST/STM32CubeCLT_1.18.0/GNU-tools-for-STM32/bin/../lib/gcc/arm-none-eabi/13.3.1/../../../../arm-none-eabi/lib/thumb/v7-m/nofp\libc_nano.a(libc_a-wsetup.o)
                0x08006148                __swsetup_r
 .text.memset   0x080061f4       0x10 C:/ST/STM32CubeCLT_1.18.0/GNU-tools-for-STM32/bin/../lib/gcc/arm-none-eabi/13.3.1/../../../../arm-none-eabi/lib/thumb/v7-m/nofp\libc_nano.a(libc_a-memset.o)
                0x080061f4                memset
 .text._close_r
                0x08006204       0x20 C:/ST/STM32CubeCLT_1.18.0/GNU-tools-for-STM32/bin/../lib/gcc/arm-none-eabi/13.3.1/../../../../arm-none-eabi/lib/thumb/v7-m/nofp\libc_nano.a(libc_a-closer.o)
                0x08006204                _close_r
 .text._lseek_r
                0x08006224       0x24 C:/ST/STM32CubeCLT_1.18.0/GNU-tools-for-STM32/bin/../lib/gcc/arm-none-eabi/13.3.1/../../../../arm-none-eabi/lib/thumb/v7-m/nofp\libc_nano.a(libc_a-lseekr.o)
                0x08006224                _lseek_r
 .text._read_r  0x08006248       0x24 C:/ST/STM32CubeCLT_1.18.0/GNU-tools-for-STM32/bin/../lib/gcc/arm-none-eabi/13.3.1/../../../../arm-none-eabi/lib/thumb/v7-m/nofp\libc_nano.a(libc_a-readr.o)
                0x08006248                _read_r
 .text._write_r
                0x0800626c       0x24 C:/ST/STM32CubeCLT_1.18.0/GNU-tools-for-STM32/bin/../lib/gcc/arm-none-eabi/13.3.1/../../../../arm-none-eabi/lib/thumb/v7-m/nofp\libc_nano.a(libc_a-writer.o)
                0x0800626c                _write_r
 .text.__libc_init_array
                0x08006290       0x48 C:/ST/STM32CubeCLT_1.18.0/GNU-tools-for-STM32/bin/../lib/gcc/arm-none-eabi/13.3.1/../../../../arm-none-eabi/lib/thumb/v7-m/nofp\libc_nano.a(libc_a-init.o)
                0x08006290                __libc_init_array
 .text.__retarget_lock_init_recursive
                0x080062d8        0x2 C:/ST/STM32CubeCLT_1.18.0/GNU-tools-for-STM32/bin/../lib/gcc/arm-none-eabi/13.3.1/../../../../arm-none-eabi/lib/thumb/v7-m/nofp\libc_nano.a(libc_a-lock.o)
                0x080062d8                __retarget_lock_init_recursive
 .text.__retarget_lock_acquire_recursive
                0x080062da        0x2 C:/ST/STM32CubeCLT_1.18.0/GNU-tools-for-STM32/bin/../lib/gcc/arm-none-eabi/13.3.1/../../../../arm-none-eabi/lib/thumb/v7-m/nofp\libc_nano.a(libc_a-lock.o)
                0x080062da                __retarget_lock_acquire_recursive
 .text.__retarget_lock_release_recursive
                0x080062dc        0x2 C:/ST/STM32CubeCLT_1.18.0/GNU-tools-for-STM32/bin/../lib/gcc/arm-none-eabi/13.3.1/../../../../arm-none-eabi/lib/thumb/v7-m/nofp\libc_nano.a(libc_a-lock.o)
                0x080062dc                __retarget_lock_release_recursive
 *fill*         0x080062de        0x2 
 .text._free_r  0x080062e0       0x90 C:/ST/STM32CubeCLT_1.18.0/GNU-tools-for-STM32/bin/../lib/gcc/arm-none-eabi/13.3.1/../../../../arm-none-eabi/lib/thumb/v7-m/nofp\libc_nano.a(libc_a-freer.o)
                0x080062e0                _free_r
 .text.malloc   0x08006370       0x10 C:/ST/STM32CubeCLT_1.18.0/GNU-tools-for-STM32/bin/../lib/gcc/arm-none-eabi/13.3.1/../../../../arm-none-eabi/lib/thumb/v7-m/nofp\libc_nano.a(libc_a-malloc.o)
                0x08006370                malloc
 .text.sbrk_aligned
                0x08006380       0x44 C:/ST/STM32CubeCLT_1.18.0/GNU-tools-for-STM32/bin/../lib/gcc/arm-none-eabi/13.3.1/../../../../arm-none-eabi/lib/thumb/v7-m/nofp\libc_nano.a(libc_a-mallocr.o)
 .text._malloc_r
                0x080063c4      0x100 C:/ST/STM32CubeCLT_1.18.0/GNU-tools-for-STM32/bin/../lib/gcc/arm-none-eabi/13.3.1/../../../../arm-none-eabi/lib/thumb/v7-m/nofp\libc_nano.a(libc_a-mallocr.o)
                0x080063c4                _malloc_r
 .text.__malloc_lock
                0x080064c4        0xc C:/ST/STM32CubeCLT_1.18.0/GNU-tools-for-STM32/bin/../lib/gcc/arm-none-eabi/13.3.1/../../../../arm-none-eabi/lib/thumb/v7-m/nofp\libc_nano.a(libc_a-mlock.o)
                0x080064c4                __malloc_lock
 .text.__malloc_unlock
                0x080064d0        0xc C:/ST/STM32CubeCLT_1.18.0/GNU-tools-for-STM32/bin/../lib/gcc/arm-none-eabi/13.3.1/../../../../arm-none-eabi/lib/thumb/v7-m/nofp\libc_nano.a(libc_a-mlock.o)
                0x080064d0                __malloc_unlock
 .text.__ssputs_r
                0x080064dc       0xb6 C:/ST/STM32CubeCLT_1.18.0/GNU-tools-for-STM32/bin/../lib/gcc/arm-none-eabi/13.3.1/../../../../arm-none-eabi/lib/thumb/v7-m/nofp\libc_nano.a(libc_a-nano-svfprintf.o)
                0x080064dc                __ssputs_r
 *fill*         0x08006592        0x2 
 .text._svfprintf_r
                0x08006594      0x1f8 C:/ST/STM32CubeCLT_1.18.0/GNU-tools-for-STM32/bin/../lib/gcc/arm-none-eabi/13.3.1/../../../../arm-none-eabi/lib/thumb/v7-m/nofp\libc_nano.a(libc_a-nano-svfprintf.o)
                0x08006594                _svfiprintf_r
                0x08006594                _svfprintf_r
 .text.__sfputc_r
                0x0800678c       0x2a C:/ST/STM32CubeCLT_1.18.0/GNU-tools-for-STM32/bin/../lib/gcc/arm-none-eabi/13.3.1/../../../../arm-none-eabi/lib/thumb/v7-m/nofp\libc_nano.a(libc_a-nano-vfprintf.o)
 .text.__sfputs_r
                0x080067b6       0x24 C:/ST/STM32CubeCLT_1.18.0/GNU-tools-for-STM32/bin/../lib/gcc/arm-none-eabi/13.3.1/../../../../arm-none-eabi/lib/thumb/v7-m/nofp\libc_nano.a(libc_a-nano-vfprintf.o)
                0x080067b6                __sfputs_r
 *fill*         0x080067da        0x2 
 .text._vfprintf_r
                0x080067dc      0x230 C:/ST/STM32CubeCLT_1.18.0/GNU-tools-for-STM32/bin/../lib/gcc/arm-none-eabi/13.3.1/../../../../arm-none-eabi/lib/thumb/v7-m/nofp\libc_nano.a(libc_a-nano-vfprintf.o)
                0x080067dc                _vfprintf_r
                0x080067dc                _vfiprintf_r
 .text._printf_common
                0x08006a0c       0xe4 C:/ST/STM32CubeCLT_1.18.0/GNU-tools-for-STM32/bin/../lib/gcc/arm-none-eabi/13.3.1/../../../../arm-none-eabi/lib/thumb/v7-m/nofp\libc_nano.a(libc_a-nano-vfprintf_i.o)
                0x08006a0c                _printf_common
 .text._printf_i
                0x08006af0      0x23c C:/ST/STM32CubeCLT_1.18.0/GNU-tools-for-STM32/bin/../lib/gcc/arm-none-eabi/13.3.1/../../../../arm-none-eabi/lib/thumb/v7-m/nofp\libc_nano.a(libc_a-nano-vfprintf_i.o)
                0x08006af0                _printf_i
 .text.__sflush_r
                0x08006d2c      0x100 C:/ST/STM32CubeCLT_1.18.0/GNU-tools-for-STM32/bin/../lib/gcc/arm-none-eabi/13.3.1/../../../../arm-none-eabi/lib/thumb/v7-m/nofp\libc_nano.a(libc_a-fflush.o)
                0x08006d2c                __sflush_r
 .text._fflush_r
                0x08006e2c       0x50 C:/ST/STM32CubeCLT_1.18.0/GNU-tools-for-STM32/bin/../lib/gcc/arm-none-eabi/13.3.1/../../../../arm-none-eabi/lib/thumb/v7-m/nofp\libc_nano.a(libc_a-fflush.o)
                0x08006e2c                _fflush_r
 .text.__swhatbuf_r
                0x08006e7c       0x4a C:/ST/STM32CubeCLT_1.18.0/GNU-tools-for-STM32/bin/../lib/gcc/arm-none-eabi/13.3.1/../../../../arm-none-eabi/lib/thumb/v7-m/nofp\libc_nano.a(libc_a-makebuf.o)
                0x08006e7c                __swhatbuf_r
 .text.__smakebuf_r
                0x08006ec6       0x78 C:/ST/STM32CubeCLT_1.18.0/GNU-tools-for-STM32/bin/../lib/gcc/arm-none-eabi/13.3.1/../../../../arm-none-eabi/lib/thumb/v7-m/nofp\libc_nano.a(libc_a-makebuf.o)
                0x08006ec6                __smakebuf_r
 .text.memmove  0x08006f3e       0x34 C:/ST/STM32CubeCLT_1.18.0/GNU-tools-for-STM32/bin/../lib/gcc/arm-none-eabi/13.3.1/../../../../arm-none-eabi/lib/thumb/v7-m/nofp\libc_nano.a(libc_a-memmove.o)
                0x08006f3e                memmove
 *fill*         0x08006f72        0x2 
 .text._fstat_r
                0x08006f74       0x24 C:/ST/STM32CubeCLT_1.18.0/GNU-tools-for-STM32/bin/../lib/gcc/arm-none-eabi/13.3.1/../../../../arm-none-eabi/lib/thumb/v7-m/nofp\libc_nano.a(libc_a-fstatr.o)
                0x08006f74                _fstat_r
 .text._isatty_r
                0x08006f98       0x20 C:/ST/STM32CubeCLT_1.18.0/GNU-tools-for-STM32/bin/../lib/gcc/arm-none-eabi/13.3.1/../../../../arm-none-eabi/lib/thumb/v7-m/nofp\libc_nano.a(libc_a-isattyr.o)
                0x08006f98                _isatty_r
 .text._sbrk_r  0x08006fb8       0x20 C:/ST/STM32CubeCLT_1.18.0/GNU-tools-for-STM32/bin/../lib/gcc/arm-none-eabi/13.3.1/../../../../arm-none-eabi/lib/thumb/v7-m/nofp\libc_nano.a(libc_a-sbrkr.o)
                0x08006fb8                _sbrk_r
 .text.memchr   0x08006fd8       0x1c C:/ST/STM32CubeCLT_1.18.0/GNU-tools-for-STM32/bin/../lib/gcc/arm-none-eabi/13.3.1/../../../../arm-none-eabi/lib/thumb/v7-m/nofp\libc_nano.a(libc_a-memchr-stub.o)
                0x08006fd8                memchr
 .text.memcpy   0x08006ff4       0x1c C:/ST/STM32CubeCLT_1.18.0/GNU-tools-for-STM32/bin/../lib/gcc/arm-none-eabi/13.3.1/../../../../arm-none-eabi/lib/thumb/v7-m/nofp\libc_nano.a(libc_a-memcpy-stub.o)
                0x08006ff4                memcpy
 .text._realloc_r
                0x08007010       0x5c C:/ST/STM32CubeCLT_1.18.0/GNU-tools-for-STM32/bin/../lib/gcc/arm-none-eabi/13.3.1/../../../../arm-none-eabi/lib/thumb/v7-m/nofp\libc_nano.a(libc_a-reallocr.o)
                0x08007010                _realloc_r
 .text._malloc_usable_size_r
                0x0800706c       0x10 C:/ST/STM32CubeCLT_1.18.0/GNU-tools-for-STM32/bin/../lib/gcc/arm-none-eabi/13.3.1/../../../../arm-none-eabi/lib/thumb/v7-m/nofp\libc_nano.a(libc_a-msizer.o)
                0x0800706c                _malloc_usable_size_r
 .text._close   0x0800707c       0x10 C:/ST/STM32CubeCLT_1.18.0/GNU-tools-for-STM32/bin/../lib/gcc/arm-none-eabi/13.3.1/../../../../arm-none-eabi/lib/thumb/v7-m/nofp\libnosys.a(close.o)
                0x0800707c                _close
 .text._fstat   0x0800708c       0x10 C:/ST/STM32CubeCLT_1.18.0/GNU-tools-for-STM32/bin/../lib/gcc/arm-none-eabi/13.3.1/../../../../arm-none-eabi/lib/thumb/v7-m/nofp\libnosys.a(fstat.o)
                0x0800708c                _fstat
 .text._isatty  0x0800709c       0x10 C:/ST/STM32CubeCLT_1.18.0/GNU-tools-for-STM32/bin/../lib/gcc/arm-none-eabi/13.3.1/../../../../arm-none-eabi/lib/thumb/v7-m/nofp\libnosys.a(isatty.o)
                0x0800709c                _isatty
 .text._lseek   0x080070ac       0x10 C:/ST/STM32CubeCLT_1.18.0/GNU-tools-for-STM32/bin/../lib/gcc/arm-none-eabi/13.3.1/../../../../arm-none-eabi/lib/thumb/v7-m/nofp\libnosys.a(lseek.o)
                0x080070ac                _lseek
 .text._read    0x080070bc       0x10 C:/ST/STM32CubeCLT_1.18.0/GNU-tools-for-STM32/bin/../lib/gcc/arm-none-eabi/13.3.1/../../../../arm-none-eabi/lib/thumb/v7-m/nofp\libnosys.a(read.o)
                0x080070bc                _read
 .text._sbrk    0x080070cc       0x1c C:/ST/STM32CubeCLT_1.18.0/GNU-tools-for-STM32/bin/../lib/gcc/arm-none-eabi/13.3.1/../../../../arm-none-eabi/lib/thumb/v7-m/nofp\libnosys.a(sbrk.o)
                0x080070cc                _sbrk
 *(.glue_7)
 .glue_7        0x080070e8        0x0 linker stubs
 *(.glue_7t)
 .glue_7t       0x080070e8        0x0 linker stubs
 *(.eh_frame)
 .eh_frame      0x080070e8        0x0 C:/ST/STM32CubeCLT_1.18.0/GNU-tools-for-STM32/bin/../lib/gcc/arm-none-eabi/13.3.1/thumb/v7-m/nofp/crtbegin.o
 *(.init)
 .init          0x080070e8        0x4 C:/ST/STM32CubeCLT_1.18.0/GNU-tools-for-STM32/bin/../lib/gcc/arm-none-eabi/13.3.1/thumb/v7-m/nofp/crti.o
                0x080070e8                _init
 .init          0x080070ec        0x8 C:/ST/STM32CubeCLT_1.18.0/GNU-tools-for-STM32/bin/../lib/gcc/arm-none-eabi/13.3.1/thumb/v7-m/nofp/crtn.o
 *(.fini)
 .fini          0x080070f4        0x4 C:/ST/STM32CubeCLT_1.18.0/GNU-tools-for-STM32/bin/../lib/gcc/arm-none-eabi/13.3.1/thumb/v7-m/nofp/crti.o
                0x080070f4                _fini
 .fini          0x080070f8        0x8 C:/ST/STM32CubeCLT_1.18.0/GNU-tools-for-STM32/bin/../lib/gcc/arm-none-eabi/13.3.1/thumb/v7-m/nofp/crtn.o
                0x08007100                        . = ALIGN (0x4)
                0x08007100                        _etext = .

.vfp11_veneer   0x08007100        0x0
 .vfp11_veneer  0x08007100        0x0 linker stubs

.v4_bx          0x08007100        0x0
 .v4_bx         0x08007100        0x0 linker stubs

.iplt           0x08007100        0x0
 .iplt          0x08007100        0x0 C:/ST/STM32CubeCLT_1.18.0/GNU-tools-for-STM32/bin/../lib/gcc/arm-none-eabi/13.3.1/thumb/v7-m/nofp/crtbegin.o

.rodata         0x08007100      0x1b8
                0x08007100                        . = ALIGN (0x4)
 *(.rodata)
 .rodata        0x08007100       0x10 build/liquidcrystal_i2c.o
 .rodata        0x08007110       0x28 build/main.o
 *(.rodata*)
 .rodata.HAL_UART_RxCpltCallback.str1.4
                0x08007138      0x11e build/main.o
                                 0x31 (size before relaxing)
 .rodata.show_faulty_pins.str1.4
                0x08007256        0x4 build/main.o
 .rodata.run_cable_test.str1.4
                0x08007256       0x39 build/main.o
 .rodata.main.str1.4
                0x08007256       0x61 build/main.o
 *fill*         0x08007256        0x2 
 .rodata.aPredivFactorTable.0
                0x08007258        0x2 build/stm32f1xx_hal_rcc.o
 *fill*         0x0800725a        0x2 
 .rodata.aPLLMULFactorTable.1
                0x0800725c       0x10 build/stm32f1xx_hal_rcc.o
 .rodata.APBPrescTable
                0x0800726c        0x8 build/system_stm32f1xx.o
                0x0800726c                APBPrescTable
 .rodata.AHBPrescTable
                0x08007274       0x10 build/system_stm32f1xx.o
                0x08007274                AHBPrescTable
 .rodata.USBD_FS_ProductStrDescriptor.str1.4
                0x08007284       0x16 build/usbd_desc.o
 .rodata.USBD_FS_ManufacturerStrDescriptor.str1.4
                0x08007284       0x13 build/usbd_desc.o
 .rodata.USBD_FS_ConfigStrDescriptor.str1.4
                0x08007284        0xb build/usbd_desc.o
 .rodata.USBD_FS_InterfaceStrDescriptor.str1.4
                0x08007284        0xe build/usbd_desc.o
 .rodata._svfprintf_r.str1.1
                0x08007284       0x33 C:/ST/STM32CubeCLT_1.18.0/GNU-tools-for-STM32/bin/../lib/gcc/arm-none-eabi/13.3.1/../../../../arm-none-eabi/lib/thumb/v7-m/nofp\libc_nano.a(libc_a-nano-svfprintf.o)
                                 0x11 (size before relaxing)
 .rodata._vfprintf_r.str1.1
                0x080072b7       0x11 C:/ST/STM32CubeCLT_1.18.0/GNU-tools-for-STM32/bin/../lib/gcc/arm-none-eabi/13.3.1/../../../../arm-none-eabi/lib/thumb/v7-m/nofp\libc_nano.a(libc_a-nano-vfprintf.o)
 .rodata._printf_i.str1.1
                0x080072b7       0x22 C:/ST/STM32CubeCLT_1.18.0/GNU-tools-for-STM32/bin/../lib/gcc/arm-none-eabi/13.3.1/../../../../arm-none-eabi/lib/thumb/v7-m/nofp\libc_nano.a(libc_a-nano-vfprintf_i.o)
                0x080072dc                        . = ALIGN (0x4)
 *fill*         0x080072b7        0x1 

.ARM.extab      0x080072b8        0x0
                0x080072b8                        . = ALIGN (0x4)
 *(.ARM.extab* .gnu.linkonce.armextab.*)
                0x080072b8                        . = ALIGN (0x4)

.ARM            0x080072b8        0x0
                0x080072b8                        . = ALIGN (0x4)
                0x080072b8                        __exidx_start = .
 *(.ARM.exidx*)
                0x080072b8                        __exidx_end = .
                0x080072b8                        . = ALIGN (0x4)

.preinit_array  0x080072b8        0x0
                0x080072b8                        . = ALIGN (0x4)
                0x080072b8                        PROVIDE (__preinit_array_start = .)
 *(.preinit_array*)
                0x080072b8                        PROVIDE (__preinit_array_end = .)
                0x080072b8                        . = ALIGN (0x4)

.init_array     0x080072b8        0x4
                0x080072b8                        . = ALIGN (0x4)
                0x080072b8                        PROVIDE (__init_array_start = .)
 *(SORT_BY_NAME(.init_array.*))
 *(.init_array*)
 .init_array    0x080072b8        0x4 C:/ST/STM32CubeCLT_1.18.0/GNU-tools-for-STM32/bin/../lib/gcc/arm-none-eabi/13.3.1/thumb/v7-m/nofp/crtbegin.o
                0x080072bc                        PROVIDE (__init_array_end = .)
                0x080072bc                        . = ALIGN (0x4)

.fini_array     0x080072bc        0x4
                0x080072bc                        . = ALIGN (0x4)
                [!provide]                        PROVIDE (__fini_array_start = .)
 *(SORT_BY_NAME(.fini_array.*))
 *(.fini_array*)
 .fini_array    0x080072bc        0x4 C:/ST/STM32CubeCLT_1.18.0/GNU-tools-for-STM32/bin/../lib/gcc/arm-none-eabi/13.3.1/thumb/v7-m/nofp/crtbegin.o
                [!provide]                        PROVIDE (__fini_array_end = .)
                0x080072c0                        . = ALIGN (0x4)
                0x080072c0                        _sidata = LOADADDR (.data)

.rel.dyn        0x080072c0        0x0
 .rel.iplt      0x080072c0        0x0 C:/ST/STM32CubeCLT_1.18.0/GNU-tools-for-STM32/bin/../lib/gcc/arm-none-eabi/13.3.1/thumb/v7-m/nofp/crtbegin.o

.data           0x20000000      0x230 load address 0x080072c0
                0x20000000                        . = ALIGN (0x4)
                0x20000000                        _sdata = .
 *(.data)
 *(.data*)
 .data.special2
                0x20000000        0x8 build/liquidcrystal_i2c.o
                0x20000000                special2
 .data.special1
                0x20000008        0x8 build/liquidcrystal_i2c.o
                0x20000008                special1
 .data.last_button_state.1
                0x20000010        0x1 build/main.o
 *fill*         0x20000011        0x3 
 .data.color_PWM_Set
                0x20000014        0xc build/main.o
                0x20000014                color_PWM_Set
 .data.colors_Mode_C
                0x20000020        0xc build/main.o
                0x20000020                colors_Mode_C
 .data.colors_Mode_B
                0x2000002c        0xc build/main.o
                0x2000002c                colors_Mode_B
 .data.colors_Mode_A
                0x20000038        0xc build/main.o
                0x20000038                colors_Mode_A
 .data.RGB_GPIO_Pins
                0x20000044        0x6 build/main.o
                0x20000044                RGB_GPIO_Pins
 *fill*         0x2000004a        0x2 
 .data.RGB_GPIO_Banks
                0x2000004c        0xc build/main.o
                0x2000004c                RGB_GPIO_Banks
 .data.uwTickFreq
                0x20000058        0x1 build/stm32f1xx_hal.o
                0x20000058                uwTickFreq
 *fill*         0x20000059        0x3 
 .data.uwTickPrio
                0x2000005c        0x4 build/stm32f1xx_hal.o
                0x2000005c                uwTickPrio
 .data.SystemCoreClock
                0x20000060        0x4 build/system_stm32f1xx.o
                0x20000060                SystemCoreClock
 .data.USBD_StringSerial
                0x20000064       0x1a build/usbd_desc.o
                0x20000064                USBD_StringSerial
 *fill*         0x2000007e        0x2 
 .data.USBD_LangIDDesc
                0x20000080        0x4 build/usbd_desc.o
                0x20000080                USBD_LangIDDesc
 .data.USBD_FS_DeviceDesc
                0x20000084       0x12 build/usbd_desc.o
                0x20000084                USBD_FS_DeviceDesc
 *fill*         0x20000096        0x2 
 .data.FS_Desc  0x20000098       0x1c build/usbd_desc.o
                0x20000098                FS_Desc
 .data.USBD_Interface_fops_FS
                0x200000b4       0x10 build/usbd_cdc_if.o
                0x200000b4                USBD_Interface_fops_FS
 .data.USBD_CDC_OtherSpeedCfgDesc
                0x200000c4       0x43 build/usbd_cdc.o
                0x200000c4                USBD_CDC_OtherSpeedCfgDesc
 *fill*         0x20000107        0x1 
 .data.USBD_CDC_CfgFSDesc
                0x20000108       0x43 build/usbd_cdc.o
                0x20000108                USBD_CDC_CfgFSDesc
 *fill*         0x2000014b        0x1 
 .data.USBD_CDC_CfgHSDesc
                0x2000014c       0x43 build/usbd_cdc.o
                0x2000014c                USBD_CDC_CfgHSDesc
 *fill*         0x2000018f        0x1 
 .data.USBD_CDC
                0x20000190       0x38 build/usbd_cdc.o
                0x20000190                USBD_CDC
 .data.USBD_CDC_DeviceQualifierDesc
                0x200001c8        0xa build/usbd_cdc.o
 *fill*         0x200001d2        0x2 
 .data.__sglue  0x200001d4        0xc C:/ST/STM32CubeCLT_1.18.0/GNU-tools-for-STM32/bin/../lib/gcc/arm-none-eabi/13.3.1/../../../../arm-none-eabi/lib/thumb/v7-m/nofp\libc_nano.a(libc_a-findfp.o)
                0x200001d4                __sglue
 .data._impure_ptr
                0x200001e0        0x4 C:/ST/STM32CubeCLT_1.18.0/GNU-tools-for-STM32/bin/../lib/gcc/arm-none-eabi/13.3.1/../../../../arm-none-eabi/lib/thumb/v7-m/nofp\libc_nano.a(libc_a-impure.o)
                0x200001e0                _impure_ptr
 .data._impure_data
                0x200001e4       0x4c C:/ST/STM32CubeCLT_1.18.0/GNU-tools-for-STM32/bin/../lib/gcc/arm-none-eabi/13.3.1/../../../../arm-none-eabi/lib/thumb/v7-m/nofp\libc_nano.a(libc_a-impure.o)
                0x200001e4                _impure_data
 *(.RamFunc)
 *(.RamFunc*)
                0x20000230                        . = ALIGN (0x4)
                0x20000230                        _edata = .

.igot.plt       0x20000230        0x0 load address 0x080074f0
 .igot.plt      0x20000230        0x0 C:/ST/STM32CubeCLT_1.18.0/GNU-tools-for-STM32/bin/../lib/gcc/arm-none-eabi/13.3.1/thumb/v7-m/nofp/crtbegin.o
                0x20000230                        . = ALIGN (0x4)

.bss            0x20000230     0x1438 load address 0x080074f0
                0x20000230                        _sbss = .
                0x20000230                        __bss_start__ = _sbss
 *(.bss)
 .bss           0x20000230       0x1c C:/ST/STM32CubeCLT_1.18.0/GNU-tools-for-STM32/bin/../lib/gcc/arm-none-eabi/13.3.1/thumb/v7-m/nofp/crtbegin.o
 *(.bss*)
 .bss.dpBacklight
                0x2000024c        0x1 build/liquidcrystal_i2c.o
                0x2000024c                dpBacklight
 .bss.dpRows    0x2000024d        0x1 build/liquidcrystal_i2c.o
                0x2000024d                dpRows
 .bss.dpMode    0x2000024e        0x1 build/liquidcrystal_i2c.o
                0x2000024e                dpMode
 .bss.dpControl
                0x2000024f        0x1 build/liquidcrystal_i2c.o
                0x2000024f                dpControl
 .bss.dpFunction
                0x20000250        0x1 build/liquidcrystal_i2c.o
                0x20000250                dpFunction
 *fill*         0x20000251        0x3 
 .bss.button_press_time.0
                0x20000254        0x4 build/main.o
 .bss.test_mode
                0x20000258        0x1 build/main.o
                0x20000258                test_mode
 .bss.current_Mode
                0x20000259        0x1 build/main.o
                0x20000259                current_Mode
 *fill*         0x2000025a        0x2 
 .bss.color_PWM
                0x2000025c        0xc build/main.o
                0x2000025c                color_PWM
 .bss.SM_State  0x20000268        0x1 build/main.o
                0x20000268                SM_State
 .bss.ticks     0x20000269        0x1 build/main.o
                0x20000269                ticks
 *fill*         0x2000026a        0x2 
 .bss.uart_buf  0x2000026c        0x1 build/main.o
                0x2000026c                uart_buf
 *fill*         0x2000026d        0x3 
 .bss.uwTick    0x20000270        0x4 build/stm32f1xx_hal.o
                0x20000270                uwTick
 .bss.hUsbDeviceFS
                0x20000274      0x2c4 build/usb_device.o
                0x20000274                hUsbDeviceFS
 .bss.USBD_StrDesc
                0x20000538      0x200 build/usbd_desc.o
                0x20000538                USBD_StrDesc
 .bss.UserTxBufferFS
                0x20000738      0x400 build/usbd_cdc_if.o
                0x20000738                UserTxBufferFS
 .bss.UserRxBufferFS
                0x20000b38      0x400 build/usbd_cdc_if.o
                0x20000b38                UserRxBufferFS
 .bss.mem.0     0x20000f38      0x220 build/usbd_conf.o
 .bss.hpcd_USB_FS
                0x20001158      0x2d8 build/usbd_conf.o
                0x20001158                hpcd_USB_FS
 .bss.cfgidx.0  0x20001430        0x1 build/usbd_ctlreq.o
 *fill*         0x20001431        0x3 
 .bss.hi2c1     0x20001434       0x54 build/i2c.o
                0x20001434                hi2c1
 .bss.htim2     0x20001488       0x48 build/tim.o
                0x20001488                htim2
 .bss.huart1    0x200014d0       0x48 build/usart.o
                0x200014d0                huart1
 .bss.__sf      0x20001518      0x138 C:/ST/STM32CubeCLT_1.18.0/GNU-tools-for-STM32/bin/../lib/gcc/arm-none-eabi/13.3.1/../../../../arm-none-eabi/lib/thumb/v7-m/nofp\libc_nano.a(libc_a-findfp.o)
                0x20001518                __sf
 .bss.__stdio_exit_handler
                0x20001650        0x4 C:/ST/STM32CubeCLT_1.18.0/GNU-tools-for-STM32/bin/../lib/gcc/arm-none-eabi/13.3.1/../../../../arm-none-eabi/lib/thumb/v7-m/nofp\libc_nano.a(libc_a-findfp.o)
                0x20001650                __stdio_exit_handler
 .bss.errno     0x20001654        0x4 C:/ST/STM32CubeCLT_1.18.0/GNU-tools-for-STM32/bin/../lib/gcc/arm-none-eabi/13.3.1/../../../../arm-none-eabi/lib/thumb/v7-m/nofp\libc_nano.a(libc_a-reent.o)
                0x20001654                errno
 .bss.__lock___malloc_recursive_mutex
                0x20001658        0x1 C:/ST/STM32CubeCLT_1.18.0/GNU-tools-for-STM32/bin/../lib/gcc/arm-none-eabi/13.3.1/../../../../arm-none-eabi/lib/thumb/v7-m/nofp\libc_nano.a(libc_a-lock.o)
                0x20001658                __lock___malloc_recursive_mutex
 .bss.__lock___sfp_recursive_mutex
                0x20001659        0x1 C:/ST/STM32CubeCLT_1.18.0/GNU-tools-for-STM32/bin/../lib/gcc/arm-none-eabi/13.3.1/../../../../arm-none-eabi/lib/thumb/v7-m/nofp\libc_nano.a(libc_a-lock.o)
                0x20001659                __lock___sfp_recursive_mutex
 *fill*         0x2000165a        0x2 
 .bss.__malloc_sbrk_start
                0x2000165c        0x4 C:/ST/STM32CubeCLT_1.18.0/GNU-tools-for-STM32/bin/../lib/gcc/arm-none-eabi/13.3.1/../../../../arm-none-eabi/lib/thumb/v7-m/nofp\libc_nano.a(libc_a-mallocr.o)
                0x2000165c                __malloc_sbrk_start
 .bss.__malloc_free_list
                0x20001660        0x4 C:/ST/STM32CubeCLT_1.18.0/GNU-tools-for-STM32/bin/../lib/gcc/arm-none-eabi/13.3.1/../../../../arm-none-eabi/lib/thumb/v7-m/nofp\libc_nano.a(libc_a-mallocr.o)
                0x20001660                __malloc_free_list
 .bss.heap_end.0
                0x20001664        0x4 C:/ST/STM32CubeCLT_1.18.0/GNU-tools-for-STM32/bin/../lib/gcc/arm-none-eabi/13.3.1/../../../../arm-none-eabi/lib/thumb/v7-m/nofp\libnosys.a(sbrk.o)
 *(COMMON)
                0x20001668                        . = ALIGN (0x4)
                0x20001668                        _ebss = .
                0x20001668                        __bss_end__ = _ebss

._user_heap_stack
                0x20001668      0x600 load address 0x080074f0
                0x20001668                        . = ALIGN (0x8)
                0x20001668                        PROVIDE (end = .)
                [!provide]                        PROVIDE (_end = .)
                0x20001868                        . = (. + _Min_Heap_Size)
 *fill*         0x20001668      0x200 
                0x20001c68                        . = (. + _Min_Stack_Size)
 *fill*         0x20001868      0x400 
                0x20001c68                        . = ALIGN (0x8)

/DISCARD/
 libc.a(*)
 libm.a(*)
 libgcc.a(*)
OUTPUT(build/Test1.elf elf32-littlearm)
LOAD linker stubs
LOAD C:/ST/STM32CubeCLT_1.18.0/GNU-tools-for-STM32/bin/../lib/gcc/arm-none-eabi/13.3.1/../../../../arm-none-eabi/lib/thumb/v7-m/nofp\libc.a
LOAD C:/ST/STM32CubeCLT_1.18.0/GNU-tools-for-STM32/bin/../lib/gcc/arm-none-eabi/13.3.1/../../../../arm-none-eabi/lib/thumb/v7-m/nofp\libm.a
LOAD C:/ST/STM32CubeCLT_1.18.0/GNU-tools-for-STM32/bin/../lib/gcc/arm-none-eabi/13.3.1/thumb/v7-m/nofp\libgcc.a

.ARM.attributes
                0x00000000       0x29
 .ARM.attributes
                0x00000000       0x1d C:/ST/STM32CubeCLT_1.18.0/GNU-tools-for-STM32/bin/../lib/gcc/arm-none-eabi/13.3.1/thumb/v7-m/nofp/crti.o
 .ARM.attributes
                0x0000001d       0x2d C:/ST/STM32CubeCLT_1.18.0/GNU-tools-for-STM32/bin/../lib/gcc/arm-none-eabi/13.3.1/thumb/v7-m/nofp/crtbegin.o
 .ARM.attributes
                0x0000004a       0x2d build/liquidcrystal_i2c.o
 .ARM.attributes
                0x00000077       0x2d build/main.o
 .ARM.attributes
                0x000000a4       0x2d build/stm32f1xx_it.o
 .ARM.attributes
                0x000000d1       0x2d build/stm32f1xx_hal_msp.o
 .ARM.attributes
                0x000000fe       0x2d build/stm32f1xx_hal_tim.o
 .ARM.attributes
                0x0000012b       0x2d build/stm32f1xx_hal_tim_ex.o
 .ARM.attributes
                0x00000158       0x2d build/stm32f1xx_hal_pcd.o
 .ARM.attributes
                0x00000185       0x2d build/stm32f1xx_hal_pcd_ex.o
 .ARM.attributes
                0x000001b2       0x2d build/stm32f1xx_ll_usb.o
 .ARM.attributes
                0x000001df       0x2d build/stm32f1xx_hal.o
 .ARM.attributes
                0x0000020c       0x2d build/stm32f1xx_hal_rcc.o
 .ARM.attributes
                0x00000239       0x2d build/stm32f1xx_hal_rcc_ex.o
 .ARM.attributes
                0x00000266       0x2d build/stm32f1xx_hal_gpio.o
 .ARM.attributes
                0x00000293       0x2d build/stm32f1xx_hal_dma.o
 .ARM.attributes
                0x000002c0       0x2d build/stm32f1xx_hal_cortex.o
 .ARM.attributes
                0x000002ed       0x2d build/system_stm32f1xx.o
 .ARM.attributes
                0x0000031a       0x2d build/usb_device.o
 .ARM.attributes
                0x00000347       0x2d build/usbd_desc.o
 .ARM.attributes
                0x00000374       0x2d build/usbd_cdc_if.o
 .ARM.attributes
                0x000003a1       0x2d build/usbd_conf.o
 .ARM.attributes
                0x000003ce       0x2d build/stm32f1xx_hal_uart.o
 .ARM.attributes
                0x000003fb       0x2d build/usbd_core.o
 .ARM.attributes
                0x00000428       0x2d build/usbd_ctlreq.o
 .ARM.attributes
                0x00000455       0x2d build/usbd_ioreq.o
 .ARM.attributes
                0x00000482       0x2d build/usbd_cdc.o
 .ARM.attributes
                0x000004af       0x2d build/stm32f1xx_hal_i2c.o
 .ARM.attributes
                0x000004dc       0x2d build/gpio.o
 .ARM.attributes
                0x00000509       0x2d build/i2c.o
 .ARM.attributes
                0x00000536       0x2d build/tim.o
 .ARM.attributes
                0x00000563       0x2d build/usart.o
 .ARM.attributes
                0x00000590       0x21 build/startup_stm32f103xb.o
 .ARM.attributes
                0x000005b1       0x2d C:/ST/STM32CubeCLT_1.18.0/GNU-tools-for-STM32/bin/../lib/gcc/arm-none-eabi/13.3.1/../../../../arm-none-eabi/lib/thumb/v7-m/nofp\libc_nano.a(libc_a-findfp.o)
 .ARM.attributes
                0x000005de       0x2d C:/ST/STM32CubeCLT_1.18.0/GNU-tools-for-STM32/bin/../lib/gcc/arm-none-eabi/13.3.1/../../../../arm-none-eabi/lib/thumb/v7-m/nofp\libc_nano.a(libc_a-fwalk.o)
 .ARM.attributes
                0x0000060b       0x2d C:/ST/STM32CubeCLT_1.18.0/GNU-tools-for-STM32/bin/../lib/gcc/arm-none-eabi/13.3.1/../../../../arm-none-eabi/lib/thumb/v7-m/nofp\libc_nano.a(libc_a-printf.o)
 .ARM.attributes
                0x00000638       0x2d C:/ST/STM32CubeCLT_1.18.0/GNU-tools-for-STM32/bin/../lib/gcc/arm-none-eabi/13.3.1/../../../../arm-none-eabi/lib/thumb/v7-m/nofp\libc_nano.a(libc_a-setbuf.o)
 .ARM.attributes
                0x00000665       0x2d C:/ST/STM32CubeCLT_1.18.0/GNU-tools-for-STM32/bin/../lib/gcc/arm-none-eabi/13.3.1/../../../../arm-none-eabi/lib/thumb/v7-m/nofp\libc_nano.a(libc_a-setvbuf.o)
 .ARM.attributes
                0x00000692       0x2d C:/ST/STM32CubeCLT_1.18.0/GNU-tools-for-STM32/bin/../lib/gcc/arm-none-eabi/13.3.1/../../../../arm-none-eabi/lib/thumb/v7-m/nofp\libc_nano.a(libc_a-sprintf.o)
 .ARM.attributes
                0x000006bf       0x2d C:/ST/STM32CubeCLT_1.18.0/GNU-tools-for-STM32/bin/../lib/gcc/arm-none-eabi/13.3.1/../../../../arm-none-eabi/lib/thumb/v7-m/nofp\libc_nano.a(libc_a-stdio.o)
 .ARM.attributes
                0x000006ec       0x2d C:/ST/STM32CubeCLT_1.18.0/GNU-tools-for-STM32/bin/../lib/gcc/arm-none-eabi/13.3.1/../../../../arm-none-eabi/lib/thumb/v7-m/nofp\libc_nano.a(libc_a-wbuf.o)
 .ARM.attributes
                0x00000719       0x2d C:/ST/STM32CubeCLT_1.18.0/GNU-tools-for-STM32/bin/../lib/gcc/arm-none-eabi/13.3.1/../../../../arm-none-eabi/lib/thumb/v7-m/nofp\libc_nano.a(libc_a-wsetup.o)
 .ARM.attributes
                0x00000746       0x2d C:/ST/STM32CubeCLT_1.18.0/GNU-tools-for-STM32/bin/../lib/gcc/arm-none-eabi/13.3.1/../../../../arm-none-eabi/lib/thumb/v7-m/nofp\libc_nano.a(libc_a-memset.o)
 .ARM.attributes
                0x00000773       0x2d C:/ST/STM32CubeCLT_1.18.0/GNU-tools-for-STM32/bin/../lib/gcc/arm-none-eabi/13.3.1/../../../../arm-none-eabi/lib/thumb/v7-m/nofp\libc_nano.a(libc_a-closer.o)
 .ARM.attributes
                0x000007a0       0x2d C:/ST/STM32CubeCLT_1.18.0/GNU-tools-for-STM32/bin/../lib/gcc/arm-none-eabi/13.3.1/../../../../arm-none-eabi/lib/thumb/v7-m/nofp\libc_nano.a(libc_a-reent.o)
 .ARM.attributes
                0x000007cd       0x2d C:/ST/STM32CubeCLT_1.18.0/GNU-tools-for-STM32/bin/../lib/gcc/arm-none-eabi/13.3.1/../../../../arm-none-eabi/lib/thumb/v7-m/nofp\libc_nano.a(libc_a-impure.o)
 .ARM.attributes
                0x000007fa       0x2d C:/ST/STM32CubeCLT_1.18.0/GNU-tools-for-STM32/bin/../lib/gcc/arm-none-eabi/13.3.1/../../../../arm-none-eabi/lib/thumb/v7-m/nofp\libc_nano.a(libc_a-lseekr.o)
 .ARM.attributes
                0x00000827       0x2d C:/ST/STM32CubeCLT_1.18.0/GNU-tools-for-STM32/bin/../lib/gcc/arm-none-eabi/13.3.1/../../../../arm-none-eabi/lib/thumb/v7-m/nofp\libc_nano.a(libc_a-readr.o)
 .ARM.attributes
                0x00000854       0x2d C:/ST/STM32CubeCLT_1.18.0/GNU-tools-for-STM32/bin/../lib/gcc/arm-none-eabi/13.3.1/../../../../arm-none-eabi/lib/thumb/v7-m/nofp\libc_nano.a(libc_a-writer.o)
 .ARM.attributes
                0x00000881       0x2d C:/ST/STM32CubeCLT_1.18.0/GNU-tools-for-STM32/bin/../lib/gcc/arm-none-eabi/13.3.1/../../../../arm-none-eabi/lib/thumb/v7-m/nofp\libc_nano.a(libc_a-init.o)
 .ARM.attributes
                0x000008ae       0x2d C:/ST/STM32CubeCLT_1.18.0/GNU-tools-for-STM32/bin/../lib/gcc/arm-none-eabi/13.3.1/../../../../arm-none-eabi/lib/thumb/v7-m/nofp\libc_nano.a(libc_a-lock.o)
 .ARM.attributes
                0x000008db       0x2d C:/ST/STM32CubeCLT_1.18.0/GNU-tools-for-STM32/bin/../lib/gcc/arm-none-eabi/13.3.1/../../../../arm-none-eabi/lib/thumb/v7-m/nofp\libc_nano.a(libc_a-freer.o)
 .ARM.attributes
                0x00000908       0x2d C:/ST/STM32CubeCLT_1.18.0/GNU-tools-for-STM32/bin/../lib/gcc/arm-none-eabi/13.3.1/../../../../arm-none-eabi/lib/thumb/v7-m/nofp\libc_nano.a(libc_a-malloc.o)
 .ARM.attributes
                0x00000935       0x2d C:/ST/STM32CubeCLT_1.18.0/GNU-tools-for-STM32/bin/../lib/gcc/arm-none-eabi/13.3.1/../../../../arm-none-eabi/lib/thumb/v7-m/nofp\libc_nano.a(libc_a-mallocr.o)
 .ARM.attributes
                0x00000962       0x2d C:/ST/STM32CubeCLT_1.18.0/GNU-tools-for-STM32/bin/../lib/gcc/arm-none-eabi/13.3.1/../../../../arm-none-eabi/lib/thumb/v7-m/nofp\libc_nano.a(libc_a-mlock.o)
 .ARM.attributes
                0x0000098f       0x2d C:/ST/STM32CubeCLT_1.18.0/GNU-tools-for-STM32/bin/../lib/gcc/arm-none-eabi/13.3.1/../../../../arm-none-eabi/lib/thumb/v7-m/nofp\libc_nano.a(libc_a-nano-svfprintf.o)
 .ARM.attributes
                0x000009bc       0x2d C:/ST/STM32CubeCLT_1.18.0/GNU-tools-for-STM32/bin/../lib/gcc/arm-none-eabi/13.3.1/../../../../arm-none-eabi/lib/thumb/v7-m/nofp\libc_nano.a(libc_a-nano-vfprintf.o)
 .ARM.attributes
                0x000009e9       0x2d C:/ST/STM32CubeCLT_1.18.0/GNU-tools-for-STM32/bin/../lib/gcc/arm-none-eabi/13.3.1/../../../../arm-none-eabi/lib/thumb/v7-m/nofp\libc_nano.a(libc_a-nano-vfprintf_i.o)
 .ARM.attributes
                0x00000a16       0x2d C:/ST/STM32CubeCLT_1.18.0/GNU-tools-for-STM32/bin/../lib/gcc/arm-none-eabi/13.3.1/../../../../arm-none-eabi/lib/thumb/v7-m/nofp\libc_nano.a(libc_a-fflush.o)
 .ARM.attributes
                0x00000a43       0x2d C:/ST/STM32CubeCLT_1.18.0/GNU-tools-for-STM32/bin/../lib/gcc/arm-none-eabi/13.3.1/../../../../arm-none-eabi/lib/thumb/v7-m/nofp\libc_nano.a(libc_a-makebuf.o)
 .ARM.attributes
                0x00000a70       0x2d C:/ST/STM32CubeCLT_1.18.0/GNU-tools-for-STM32/bin/../lib/gcc/arm-none-eabi/13.3.1/../../../../arm-none-eabi/lib/thumb/v7-m/nofp\libc_nano.a(libc_a-memmove.o)
 .ARM.attributes
                0x00000a9d       0x2d C:/ST/STM32CubeCLT_1.18.0/GNU-tools-for-STM32/bin/../lib/gcc/arm-none-eabi/13.3.1/../../../../arm-none-eabi/lib/thumb/v7-m/nofp\libc_nano.a(libc_a-fstatr.o)
 .ARM.attributes
                0x00000aca       0x2d C:/ST/STM32CubeCLT_1.18.0/GNU-tools-for-STM32/bin/../lib/gcc/arm-none-eabi/13.3.1/../../../../arm-none-eabi/lib/thumb/v7-m/nofp\libc_nano.a(libc_a-isattyr.o)
 .ARM.attributes
                0x00000af7       0x2d C:/ST/STM32CubeCLT_1.18.0/GNU-tools-for-STM32/bin/../lib/gcc/arm-none-eabi/13.3.1/../../../../arm-none-eabi/lib/thumb/v7-m/nofp\libc_nano.a(libc_a-sbrkr.o)
 .ARM.attributes
                0x00000b24       0x2d C:/ST/STM32CubeCLT_1.18.0/GNU-tools-for-STM32/bin/../lib/gcc/arm-none-eabi/13.3.1/../../../../arm-none-eabi/lib/thumb/v7-m/nofp\libc_nano.a(libc_a-memchr-stub.o)
 .ARM.attributes
                0x00000b51       0x2d C:/ST/STM32CubeCLT_1.18.0/GNU-tools-for-STM32/bin/../lib/gcc/arm-none-eabi/13.3.1/../../../../arm-none-eabi/lib/thumb/v7-m/nofp\libc_nano.a(libc_a-memcpy-stub.o)
 .ARM.attributes
                0x00000b7e       0x2d C:/ST/STM32CubeCLT_1.18.0/GNU-tools-for-STM32/bin/../lib/gcc/arm-none-eabi/13.3.1/../../../../arm-none-eabi/lib/thumb/v7-m/nofp\libc_nano.a(libc_a-reallocr.o)
 .ARM.attributes
                0x00000bab       0x2d C:/ST/STM32CubeCLT_1.18.0/GNU-tools-for-STM32/bin/../lib/gcc/arm-none-eabi/13.3.1/../../../../arm-none-eabi/lib/thumb/v7-m/nofp\libc_nano.a(libc_a-msizer.o)
 .ARM.attributes
                0x00000bd8       0x2d C:/ST/STM32CubeCLT_1.18.0/GNU-tools-for-STM32/bin/../lib/gcc/arm-none-eabi/13.3.1/../../../../arm-none-eabi/lib/thumb/v7-m/nofp\libnosys.a(close.o)
 .ARM.attributes
                0x00000c05       0x2d C:/ST/STM32CubeCLT_1.18.0/GNU-tools-for-STM32/bin/../lib/gcc/arm-none-eabi/13.3.1/../../../../arm-none-eabi/lib/thumb/v7-m/nofp\libnosys.a(fstat.o)
 .ARM.attributes
                0x00000c32       0x2d C:/ST/STM32CubeCLT_1.18.0/GNU-tools-for-STM32/bin/../lib/gcc/arm-none-eabi/13.3.1/../../../../arm-none-eabi/lib/thumb/v7-m/nofp\libnosys.a(isatty.o)
 .ARM.attributes
                0x00000c5f       0x2d C:/ST/STM32CubeCLT_1.18.0/GNU-tools-for-STM32/bin/../lib/gcc/arm-none-eabi/13.3.1/../../../../arm-none-eabi/lib/thumb/v7-m/nofp\libnosys.a(lseek.o)
 .ARM.attributes
                0x00000c8c       0x2d C:/ST/STM32CubeCLT_1.18.0/GNU-tools-for-STM32/bin/../lib/gcc/arm-none-eabi/13.3.1/../../../../arm-none-eabi/lib/thumb/v7-m/nofp\libnosys.a(read.o)
 .ARM.attributes
                0x00000cb9       0x2d C:/ST/STM32CubeCLT_1.18.0/GNU-tools-for-STM32/bin/../lib/gcc/arm-none-eabi/13.3.1/../../../../arm-none-eabi/lib/thumb/v7-m/nofp\libnosys.a(sbrk.o)
 .ARM.attributes
                0x00000ce6       0x1d C:/ST/STM32CubeCLT_1.18.0/GNU-tools-for-STM32/bin/../lib/gcc/arm-none-eabi/13.3.1/thumb/v7-m/nofp/crtn.o

.comment        0x00000000       0x43
 .comment       0x00000000       0x43 build/liquidcrystal_i2c.o
                                 0x44 (size before relaxing)
 .comment       0x00000043       0x44 build/main.o
 .comment       0x00000043       0x44 build/stm32f1xx_it.o
 .comment       0x00000043       0x44 build/stm32f1xx_hal_msp.o
 .comment       0x00000043       0x44 build/stm32f1xx_hal_tim.o
 .comment       0x00000043       0x44 build/stm32f1xx_hal_tim_ex.o
 .comment       0x00000043       0x44 build/stm32f1xx_hal_pcd.o
 .comment       0x00000043       0x44 build/stm32f1xx_hal_pcd_ex.o
 .comment       0x00000043       0x44 build/stm32f1xx_ll_usb.o
 .comment       0x00000043       0x44 build/stm32f1xx_hal.o
 .comment       0x00000043       0x44 build/stm32f1xx_hal_rcc.o
 .comment       0x00000043       0x44 build/stm32f1xx_hal_rcc_ex.o
 .comment       0x00000043       0x44 build/stm32f1xx_hal_gpio.o
 .comment       0x00000043       0x44 build/stm32f1xx_hal_dma.o
 .comment       0x00000043       0x44 build/stm32f1xx_hal_cortex.o
 .comment       0x00000043       0x44 build/system_stm32f1xx.o
 .comment       0x00000043       0x44 build/usb_device.o
 .comment       0x00000043       0x44 build/usbd_desc.o
 .comment       0x00000043       0x44 build/usbd_cdc_if.o
 .comment       0x00000043       0x44 build/usbd_conf.o
 .comment       0x00000043       0x44 build/stm32f1xx_hal_uart.o
 .comment       0x00000043       0x44 build/usbd_core.o
 .comment       0x00000043       0x44 build/usbd_ctlreq.o
 .comment       0x00000043       0x44 build/usbd_ioreq.o
 .comment       0x00000043       0x44 build/usbd_cdc.o
 .comment       0x00000043       0x44 build/stm32f1xx_hal_i2c.o
 .comment       0x00000043       0x44 build/gpio.o
 .comment       0x00000043       0x44 build/i2c.o
 .comment       0x00000043       0x44 build/tim.o
 .comment       0x00000043       0x44 build/usart.o

.debug_info     0x00000000    0x2435e
 .debug_info    0x00000000     0x1283 build/liquidcrystal_i2c.o
 .debug_info    0x00001283     0x231e build/main.o
 .debug_info    0x000035a1     0x1027 build/stm32f1xx_it.o
 .debug_info    0x000045c8      0x238 build/stm32f1xx_hal_msp.o
 .debug_info    0x00004800     0x4146 build/stm32f1xx_hal_tim.o
 .debug_info    0x00008946     0x1d4f build/stm32f1xx_hal_tim_ex.o
 .debug_info    0x0000a695     0x1f87 build/stm32f1xx_hal_pcd.o
 .debug_info    0x0000c61c      0x7c8 build/stm32f1xx_hal_pcd_ex.o
 .debug_info    0x0000cde4     0x1d36 build/stm32f1xx_ll_usb.o
 .debug_info    0x0000eb1a      0x880 build/stm32f1xx_hal.o
 .debug_info    0x0000f39a      0xb10 build/stm32f1xx_hal_rcc.o
 .debug_info    0x0000feaa      0x47d build/stm32f1xx_hal_rcc_ex.o
 .debug_info    0x00010327      0x6d7 build/stm32f1xx_hal_gpio.o
 .debug_info    0x000109fe      0x8d5 build/stm32f1xx_hal_dma.o
 .debug_info    0x000112d3      0xe3f build/stm32f1xx_hal_cortex.o
 .debug_info    0x00012112      0x26e build/system_stm32f1xx.o
 .debug_info    0x00012380      0x792 build/usb_device.o
 .debug_info    0x00012b12      0x654 build/usbd_desc.o
 .debug_info    0x00013166      0x996 build/usbd_cdc_if.o
 .debug_info    0x00013afc     0x2061 build/usbd_conf.o
 .debug_info    0x00015b5d     0x430f build/stm32f1xx_hal_uart.o
 .debug_info    0x00019e6c      0xf97 build/usbd_core.o
 .debug_info    0x0001ae03     0x1203 build/usbd_ctlreq.o
 .debug_info    0x0001c006      0x946 build/usbd_ioreq.o
 .debug_info    0x0001c94c     0x15dc build/usbd_cdc.o
 .debug_info    0x0001df28     0x3d27 build/stm32f1xx_hal_i2c.o
 .debug_info    0x00021c4f      0x3d3 build/gpio.o
 .debug_info    0x00022022      0x996 build/i2c.o
 .debug_info    0x000229b8      0xe51 build/tim.o
 .debug_info    0x00023809      0xb25 build/usart.o
 .debug_info    0x0002432e       0x30 build/startup_stm32f103xb.o

.debug_abbrev   0x00000000     0x492f
 .debug_abbrev  0x00000000      0x2ef build/liquidcrystal_i2c.o
 .debug_abbrev  0x000002ef      0x4a3 build/main.o
 .debug_abbrev  0x00000792      0x1b7 build/stm32f1xx_it.o
 .debug_abbrev  0x00000949       0xe7 build/stm32f1xx_hal_msp.o
 .debug_abbrev  0x00000a30      0x2bd build/stm32f1xx_hal_tim.o
 .debug_abbrev  0x00000ced      0x2b7 build/stm32f1xx_hal_tim_ex.o
 .debug_abbrev  0x00000fa4      0x32d build/stm32f1xx_hal_pcd.o
 .debug_abbrev  0x000012d1      0x184 build/stm32f1xx_hal_pcd_ex.o
 .debug_abbrev  0x00001455      0x262 build/stm32f1xx_ll_usb.o
 .debug_abbrev  0x000016b7      0x232 build/stm32f1xx_hal.o
 .debug_abbrev  0x000018e9      0x2d6 build/stm32f1xx_hal_rcc.o
 .debug_abbrev  0x00001bbf      0x1d4 build/stm32f1xx_hal_rcc_ex.o
 .debug_abbrev  0x00001d93      0x222 build/stm32f1xx_hal_gpio.o
 .debug_abbrev  0x00001fb5      0x261 build/stm32f1xx_hal_dma.o
 .debug_abbrev  0x00002216      0x3aa build/stm32f1xx_hal_cortex.o
 .debug_abbrev  0x000025c0      0x140 build/system_stm32f1xx.o
 .debug_abbrev  0x00002700      0x195 build/usb_device.o
 .debug_abbrev  0x00002895      0x23c build/usbd_desc.o
 .debug_abbrev  0x00002ad1      0x26d build/usbd_cdc_if.o
 .debug_abbrev  0x00002d3e      0x33e build/usbd_conf.o
 .debug_abbrev  0x0000307c      0x35f build/stm32f1xx_hal_uart.o
 .debug_abbrev  0x000033db      0x2ae build/usbd_core.o
 .debug_abbrev  0x00003689      0x2ec build/usbd_ctlreq.o
 .debug_abbrev  0x00003975      0x18e build/usbd_ioreq.o
 .debug_abbrev  0x00003b03      0x33b build/usbd_cdc.o
 .debug_abbrev  0x00003e3e      0x31e build/stm32f1xx_hal_i2c.o
 .debug_abbrev  0x0000415c      0x14e build/gpio.o
 .debug_abbrev  0x000042aa      0x1f6 build/i2c.o
 .debug_abbrev  0x000044a0      0x257 build/tim.o
 .debug_abbrev  0x000046f7      0x21b build/usart.o
 .debug_abbrev  0x00004912       0x1d build/startup_stm32f103xb.o

.debug_loc      0x00000000    0x1e47a
 .debug_loc     0x00000000      0x7ac build/liquidcrystal_i2c.o
 .debug_loc     0x000007ac      0x787 build/main.o
 .debug_loc     0x00000f33       0x80 build/stm32f1xx_it.o
 .debug_loc     0x00000fb3       0x41 build/stm32f1xx_hal_msp.o
 .debug_loc     0x00000ff4     0x618f build/stm32f1xx_hal_tim.o
 .debug_loc     0x00007183     0x227b build/stm32f1xx_hal_tim_ex.o
 .debug_loc     0x000093fe     0x1aa9 build/stm32f1xx_hal_pcd.o
 .debug_loc     0x0000aea7      0x15a build/stm32f1xx_hal_pcd_ex.o
 .debug_loc     0x0000b001     0x1b49 build/stm32f1xx_ll_usb.o
 .debug_loc     0x0000cb4a      0x1f9 build/stm32f1xx_hal.o
 .debug_loc     0x0000cd43      0x7c6 build/stm32f1xx_hal_rcc.o
 .debug_loc     0x0000d509      0x4a9 build/stm32f1xx_hal_rcc_ex.o
 .debug_loc     0x0000d9b2      0x56c build/stm32f1xx_hal_gpio.o
 .debug_loc     0x0000df1e      0x990 build/stm32f1xx_hal_dma.o
 .debug_loc     0x0000e8ae      0x8b4 build/stm32f1xx_hal_cortex.o
 .debug_loc     0x0000f162      0x11b build/system_stm32f1xx.o
 .debug_loc     0x0000f27d       0x20 build/usb_device.o
 .debug_loc     0x0000f29d      0x4e7 build/usbd_desc.o
 .debug_loc     0x0000f784      0x1bb build/usbd_cdc_if.o
 .debug_loc     0x0000f93f     0x105a build/usbd_conf.o
 .debug_loc     0x00010999     0x4ff4 build/stm32f1xx_hal_uart.o
 .debug_loc     0x0001598d      0xbaa build/usbd_core.o
 .debug_loc     0x00016537     0x17db build/usbd_ctlreq.o
 .debug_loc     0x00017d12      0x3f8 build/usbd_ioreq.o
 .debug_loc     0x0001810a      0xa9f build/usbd_cdc.o
 .debug_loc     0x00018ba9     0x54d3 build/stm32f1xx_hal_i2c.o
 .debug_loc     0x0001e07c       0x38 build/gpio.o
 .debug_loc     0x0001e0b4       0xfd build/i2c.o
 .debug_loc     0x0001e1b1      0x1a9 build/tim.o
 .debug_loc     0x0001e35a      0x120 build/usart.o

.debug_aranges  0x00000000     0x16b8
 .debug_aranges
                0x00000000      0x110 build/liquidcrystal_i2c.o
 .debug_aranges
                0x00000110       0x80 build/main.o
 .debug_aranges
                0x00000190       0x78 build/stm32f1xx_it.o
 .debug_aranges
                0x00000208       0x20 build/stm32f1xx_hal_msp.o
 .debug_aranges
                0x00000228      0x3d0 build/stm32f1xx_hal_tim.o
 .debug_aranges
                0x000005f8      0x168 build/stm32f1xx_hal_tim_ex.o
 .debug_aranges
                0x00000760      0x140 build/stm32f1xx_hal_pcd.o
 .debug_aranges
                0x000008a0       0x38 build/stm32f1xx_hal_pcd_ex.o
 .debug_aranges
                0x000008d8       0xf8 build/stm32f1xx_ll_usb.o
 .debug_aranges
                0x000009d0       0xe0 build/stm32f1xx_hal.o
 .debug_aranges
                0x00000ab0       0x90 build/stm32f1xx_hal_rcc.o
 .debug_aranges
                0x00000b40       0x30 build/stm32f1xx_hal_rcc_ex.o
 .debug_aranges
                0x00000b70       0x58 build/stm32f1xx_hal_gpio.o
 .debug_aranges
                0x00000bc8       0x80 build/stm32f1xx_hal_dma.o
 .debug_aranges
                0x00000c48       0xc0 build/stm32f1xx_hal_cortex.o
 .debug_aranges
                0x00000d08       0x28 build/system_stm32f1xx.o
 .debug_aranges
                0x00000d30       0x20 build/usb_device.o
 .debug_aranges
                0x00000d50       0x60 build/usbd_desc.o
 .debug_aranges
                0x00000db0       0x40 build/usbd_cdc_if.o
 .debug_aranges
                0x00000df0      0x118 build/usbd_conf.o
 .debug_aranges
                0x00000f08      0x208 build/stm32f1xx_hal_uart.o
 .debug_aranges
                0x00001110       0xb8 build/usbd_core.o
 .debug_aranges
                0x000011c8       0x88 build/usbd_ctlreq.o
 .debug_aranges
                0x00001250       0x50 build/usbd_ioreq.o
 .debug_aranges
                0x000012a0       0x90 build/usbd_cdc.o
 .debug_aranges
                0x00001330      0x2a8 build/stm32f1xx_hal_i2c.o
 .debug_aranges
                0x000015d8       0x20 build/gpio.o
 .debug_aranges
                0x000015f8       0x30 build/i2c.o
 .debug_aranges
                0x00001628       0x38 build/tim.o
 .debug_aranges
                0x00001660       0x30 build/usart.o
 .debug_aranges
                0x00001690       0x28 build/startup_stm32f103xb.o

.debug_ranges   0x00000000     0x1928
 .debug_ranges  0x00000000      0x100 build/liquidcrystal_i2c.o
 .debug_ranges  0x00000100      0x118 build/main.o
 .debug_ranges  0x00000218       0x68 build/stm32f1xx_it.o
 .debug_ranges  0x00000280       0x10 build/stm32f1xx_hal_msp.o
 .debug_ranges  0x00000290      0x3c0 build/stm32f1xx_hal_tim.o
 .debug_ranges  0x00000650      0x158 build/stm32f1xx_hal_tim_ex.o
 .debug_ranges  0x000007a8      0x240 build/stm32f1xx_hal_pcd.o
 .debug_ranges  0x000009e8       0x28 build/stm32f1xx_hal_pcd_ex.o
 .debug_ranges  0x00000a10      0x320 build/stm32f1xx_ll_usb.o
 .debug_ranges  0x00000d30       0xd0 build/stm32f1xx_hal.o
 .debug_ranges  0x00000e00       0xa0 build/stm32f1xx_hal_rcc.o
 .debug_ranges  0x00000ea0       0x38 build/stm32f1xx_hal_rcc_ex.o
 .debug_ranges  0x00000ed8       0x48 build/stm32f1xx_hal_gpio.o
 .debug_ranges  0x00000f20       0x70 build/stm32f1xx_hal_dma.o
 .debug_ranges  0x00000f90       0xb0 build/stm32f1xx_hal_cortex.o
 .debug_ranges  0x00001040       0x18 build/system_stm32f1xx.o
 .debug_ranges  0x00001058       0x10 build/usb_device.o
 .debug_ranges  0x00001068       0x50 build/usbd_desc.o
 .debug_ranges  0x000010b8       0x30 build/usbd_cdc_if.o
 .debug_ranges  0x000010e8      0x108 build/usbd_conf.o
 .debug_ranges  0x000011f0      0x210 build/stm32f1xx_hal_uart.o
 .debug_ranges  0x00001400       0xa8 build/usbd_core.o
 .debug_ranges  0x000014a8       0x78 build/usbd_ctlreq.o
 .debug_ranges  0x00001520       0x40 build/usbd_ioreq.o
 .debug_ranges  0x00001560       0x80 build/usbd_cdc.o
 .debug_ranges  0x000015e0      0x2b0 build/stm32f1xx_hal_i2c.o
 .debug_ranges  0x00001890       0x10 build/gpio.o
 .debug_ranges  0x000018a0       0x20 build/i2c.o
 .debug_ranges  0x000018c0       0x28 build/tim.o
 .debug_ranges  0x000018e8       0x20 build/usart.o
 .debug_ranges  0x00001908       0x20 build/startup_stm32f103xb.o

.debug_line     0x00000000    0x1a256
 .debug_line    0x00000000      0x729 build/liquidcrystal_i2c.o
 .debug_line    0x00000729      0xa91 build/main.o
 .debug_line    0x000011ba      0x362 build/stm32f1xx_it.o
 .debug_line    0x0000151c      0x1b6 build/stm32f1xx_hal_msp.o
 .debug_line    0x000016d2     0x4659 build/stm32f1xx_hal_tim.o
 .debug_line    0x00005d2b     0x1a26 build/stm32f1xx_hal_tim_ex.o
 .debug_line    0x00007751     0x186e build/stm32f1xx_hal_pcd.o
 .debug_line    0x00008fbf      0x2cd build/stm32f1xx_hal_pcd_ex.o
 .debug_line    0x0000928c     0x17b0 build/stm32f1xx_ll_usb.o
 .debug_line    0x0000aa3c      0x568 build/stm32f1xx_hal.o
 .debug_line    0x0000afa4      0xce4 build/stm32f1xx_hal_rcc.o
 .debug_line    0x0000bc88      0x4e4 build/stm32f1xx_hal_rcc_ex.o
 .debug_line    0x0000c16c      0x60a build/stm32f1xx_hal_gpio.o
 .debug_line    0x0000c776      0xb29 build/stm32f1xx_hal_dma.o
 .debug_line    0x0000d29f      0x6e1 build/stm32f1xx_hal_cortex.o
 .debug_line    0x0000d980      0x27f build/system_stm32f1xx.o
 .debug_line    0x0000dbff      0x273 build/usb_device.o
 .debug_line    0x0000de72      0x38e build/usbd_desc.o
 .debug_line    0x0000e200      0x2a1 build/usbd_cdc_if.o
 .debug_line    0x0000e4a1      0x7f7 build/usbd_conf.o
 .debug_line    0x0000ec98     0x34d9 build/stm32f1xx_hal_uart.o
 .debug_line    0x00012171      0x753 build/usbd_core.o
 .debug_line    0x000128c4      0xb1e build/usbd_ctlreq.o
 .debug_line    0x000133e2      0x2de build/usbd_ioreq.o